Component: ARM Compiler 5.06 update 7 (build 960) Tool: armlink [4d3601]

==============================================================================

Section Cross References

    startup_stm32f103xe.o(STACK) refers (Special) to heapauxi.o(.text) for __use_two_region_memory
    startup_stm32f103xe.o(HEAP) refers (Special) to heapauxi.o(.text) for __use_two_region_memory
    startup_stm32f103xe.o(RESET) refers (Special) to heapauxi.o(.text) for __use_two_region_memory
    startup_stm32f103xe.o(RESET) refers to startup_stm32f103xe.o(STACK) for __initial_sp
    startup_stm32f103xe.o(RESET) refers to startup_stm32f103xe.o(.text) for Reset_Handler
    startup_stm32f103xe.o(RESET) refers to stm32f1xx_it.o(i.NMI_Handler) for NMI_Handler
    startup_stm32f103xe.o(RESET) refers to stm32f1xx_it.o(i.HardFault_Handler) for HardFault_Handler
    startup_stm32f103xe.o(RESET) refers to stm32f1xx_it.o(i.MemManage_Handler) for MemManage_Handler
    startup_stm32f103xe.o(RESET) refers to stm32f1xx_it.o(i.BusFault_Handler) for BusFault_Handler
    startup_stm32f103xe.o(RESET) refers to stm32f1xx_it.o(i.UsageFault_Handler) for UsageFault_Handler
    startup_stm32f103xe.o(RESET) refers to stm32f1xx_it.o(i.SVC_Handler) for SVC_Handler
    startup_stm32f103xe.o(RESET) refers to stm32f1xx_it.o(i.DebugMon_Handler) for DebugMon_Handler
    startup_stm32f103xe.o(RESET) refers to stm32f1xx_it.o(i.PendSV_Handler) for PendSV_Handler
    startup_stm32f103xe.o(RESET) refers to stm32f1xx_it.o(i.SysTick_Handler) for SysTick_Handler
    startup_stm32f103xe.o(RESET) refers to stm32f1xx_it.o(i.USART1_IRQHandler) for USART1_IRQHandler
    startup_stm32f103xe.o(RESET) refers to stm32f1xx_it.o(i.DMA2_Channel4_5_IRQHandler) for DMA2_Channel4_5_IRQHandler
    startup_stm32f103xe.o(.text) refers (Special) to heapauxi.o(.text) for __use_two_region_memory
    startup_stm32f103xe.o(.text) refers to system_stm32f1xx.o(i.SystemInit) for SystemInit
    startup_stm32f103xe.o(.text) refers to __main.o(!!!main) for __main
    startup_stm32f103xe.o(.text) refers to startup_stm32f103xe.o(HEAP) for Heap_Mem
    startup_stm32f103xe.o(.text) refers to startup_stm32f103xe.o(STACK) for Stack_Mem
    main.o(i.Display_SquareWave) refers to lcd.o(i.lcd_draw_point) for lcd_draw_point
    main.o(i.Display_SquareWave) refers to main.o(.data) for .data
    main.o(i.HAL_UART_RxCpltCallback) refers to rt_memclr.o(.text) for __aeabi_memclr
    main.o(i.HAL_UART_RxCpltCallback) refers to stm32f1xx_hal_uart.o(i.HAL_UART_Transmit) for HAL_UART_Transmit
    main.o(i.HAL_UART_RxCpltCallback) refers to strncmp.o(.text) for strncmp
    main.o(i.HAL_UART_RxCpltCallback) refers to lcd.o(i.lcd_clear) for lcd_clear
    main.o(i.HAL_UART_RxCpltCallback) refers to stm32f1xx_hal_uart.o(i.HAL_UART_Receive_IT) for HAL_UART_Receive_IT
    main.o(i.HAL_UART_RxCpltCallback) refers to main.o(.data) for .data
    main.o(i.HAL_UART_RxCpltCallback) refers to main.o(.bss) for .bss
    main.o(i.HAL_UART_RxCpltCallback) refers to usart.o(.bss) for huart1
    main.o(i.SineWaveGen) refers to dflt_clz.o(x$fpl$dfltu) for __aeabi_ui2d
    main.o(i.SineWaveGen) refers to ddiv.o(x$fpl$ddiv) for __aeabi_ddiv
    main.o(i.SineWaveGen) refers to sin.o(i.sin) for sin
    main.o(i.SineWaveGen) refers to daddsub_clz.o(x$fpl$dadd) for __aeabi_dadd
    main.o(i.SineWaveGen) refers to f2d.o(x$fpl$f2d) for __aeabi_f2d
    main.o(i.SineWaveGen) refers to scalbn.o(x$fpl$scalbn) for __ARM_scalbn
    main.o(i.SineWaveGen) refers to dmul.o(x$fpl$dmul) for __aeabi_dmul
    main.o(i.SineWaveGen) refers to dfixu.o(x$fpl$dfixu) for __aeabi_d2uiz
    main.o(i.SystemClock_Config) refers to rt_memclr_w.o(.text) for __aeabi_memclr4
    main.o(i.SystemClock_Config) refers to stm32f1xx_hal_rcc.o(i.HAL_RCC_OscConfig) for HAL_RCC_OscConfig
    main.o(i.SystemClock_Config) refers to stm32f1xx_hal_rcc.o(i.HAL_RCC_ClockConfig) for HAL_RCC_ClockConfig
    main.o(i.TriangleWaveGen) refers to fflt_clz.o(x$fpl$fflt) for __aeabi_i2f
    main.o(i.TriangleWaveGen) refers to fdiv.o(x$fpl$fdiv) for __aeabi_fdiv
    main.o(i.TriangleWaveGen) refers to fmul.o(x$fpl$fmul) for __aeabi_fmul
    main.o(i.TriangleWaveGen) refers to faddsub_clz.o(x$fpl$frsb) for __aeabi_frsub
    main.o(i.TriangleWaveGen) refers to f2d.o(x$fpl$f2d) for __aeabi_f2d
    main.o(i.TriangleWaveGen) refers to scalbn.o(x$fpl$scalbn) for __ARM_scalbn
    main.o(i.TriangleWaveGen) refers to ddiv.o(x$fpl$ddiv) for __aeabi_ddiv
    main.o(i.TriangleWaveGen) refers to dfixu.o(x$fpl$dfixu) for __aeabi_d2uiz
    main.o(i.delay_ms) refers to stm32f1xx_hal.o(.data) for uwTick
    main.o(i.display_sine_wave_on_lcd) refers to lcd.o(i.lcd_draw_point) for lcd_draw_point
    main.o(i.display_sine_wave_on_lcd) refers to main.o(.data) for .data
    main.o(i.display_sine_wave_on_lcd) refers to main.o(.bss) for .bss
    main.o(i.display_triangle_wave_on_lcd) refers to lcd.o(i.lcd_draw_point) for lcd_draw_point
    main.o(i.display_triangle_wave_on_lcd) refers to main.o(.data) for .data
[...]
    i.HAL_DAC_ConvHalfCpltCallbackCh1        0x080005a6   Section        0  stm32f1xx_hal_dac.o(i.HAL_DAC_ConvHalfCpltCallbackCh1)
    i.HAL_DAC_ErrorCallbackCh1               0x080005a8   Section        0  stm32f1xx_hal_dac.o(i.HAL_DAC_ErrorCallbackCh1)
    i.HAL_DAC_Init                           0x080005aa   Section        0  stm32f1xx_hal_dac.o(i.HAL_DAC_Init)
    i.HAL_DAC_MspInit                        0x080005d4   Section        0  dac.o(i.HAL_DAC_MspInit)
    i.HAL_DAC_Start_DMA                      0x08000664   Section        0  stm32f1xx_hal_dac.o(i.HAL_DAC_Start_DMA)
    i.HAL_DAC_Stop_DMA                       0x08000730   Section        0  stm32f1xx_hal_dac.o(i.HAL_DAC_Stop_DMA)
    i.HAL_DMA_Abort                          0x0800076e   Section        0  stm32f1xx_hal_dma.o(i.HAL_DMA_Abort)
    i.HAL_DMA_Abort_IT                       0x080007b4   Section        0  stm32f1xx_hal_dma.o(i.HAL_DMA_Abort_IT)
    i.HAL_DMA_IRQHandler                     0x080008e4   Section        0  stm32f1xx_hal_dma.o(i.HAL_DMA_IRQHandler)
    i.HAL_DMA_Init                           0x08000b2c   Section        0  stm32f1xx_hal_dma.o(i.HAL_DMA_Init)
    i.HAL_DMA_Start_IT                       0x08000ba8   Section        0  stm32f1xx_hal_dma.o(i.HAL_DMA_Start_IT)
    i.HAL_GPIO_Init                          0x08000c18   Section        0  stm32f1xx_hal_gpio.o(i.HAL_GPIO_Init)
    i.HAL_GPIO_ReadPin                       0x08000e10   Section        0  stm32f1xx_hal_gpio.o(i.HAL_GPIO_ReadPin)
    i.HAL_GPIO_WritePin                      0x08000e1a   Section        0  stm32f1xx_hal_gpio.o(i.HAL_GPIO_WritePin)
    i.HAL_GetTick                            0x08000e24   Section        0  stm32f1xx_hal.o(i.HAL_GetTick)
    i.HAL_IncTick                            0x08000e30   Section        0  stm32f1xx_hal.o(i.HAL_IncTick)
    i.HAL_Init                               0x08000e40   Section        0  stm32f1xx_hal.o(i.HAL_Init)
    i.HAL_InitTick                           0x08000e64   Section        0  stm32f1xx_hal.o(i.HAL_InitTick)
    i.HAL_MspInit                            0x08000ea4   Section        0  stm32f1xx_hal_msp.o(i.HAL_MspInit)
    i.HAL_NVIC_EnableIRQ                     0x08000ee0   Section        0  stm32f1xx_hal_cortex.o(i.HAL_NVIC_EnableIRQ)
    i.HAL_NVIC_SetPriority                   0x08000efc   Section        0  stm32f1xx_hal_cortex.o(i.HAL_NVIC_SetPriority)
    i.HAL_NVIC_SetPriorityGrouping           0x08000f3c   Section        0  stm32f1xx_hal_cortex.o(i.HAL_NVIC_SetPriorityGrouping)
    i.HAL_RCC_ClockConfig                    0x08000f60   Section        0  stm32f1xx_hal_rcc.o(i.HAL_RCC_ClockConfig)
    i.HAL_RCC_GetPCLK1Freq                   0x0800108c   Section        0  stm32f1xx_hal_rcc.o(i.HAL_RCC_GetPCLK1Freq)
    i.HAL_RCC_GetPCLK2Freq                   0x080010ac   Section        0  stm32f1xx_hal_rcc.o(i.HAL_RCC_GetPCLK2Freq)
    i.HAL_RCC_GetSysClockFreq                0x080010cc   Section        0  stm32f1xx_hal_rcc.o(i.HAL_RCC_GetSysClockFreq)
    i.HAL_RCC_OscConfig                      0x08001118   Section        0  stm32f1xx_hal_rcc.o(i.HAL_RCC_OscConfig)
    i.HAL_SYSTICK_Config                     0x08001438   Section        0  stm32f1xx_hal_cortex.o(i.HAL_SYSTICK_Config)
    i.HAL_TIMEx_MasterConfigSynchronization  0x08001460   Section        0  stm32f1xx_hal_tim_ex.o(i.HAL_TIMEx_MasterConfigSynchronization)
    i.HAL_TIM_Base_Init                      0x080014dc   Section        0  stm32f1xx_hal_tim.o(i.HAL_TIM_Base_Init)
    i.HAL_TIM_Base_MspInit                   0x08001538   Section        0  tim.o(i.HAL_TIM_Base_MspInit)
    i.HAL_TIM_Base_Start                     0x08001560   Section        0  stm32f1xx_hal_tim.o(i.HAL_TIM_Base_Start)
    i.HAL_TIM_MspPostInit                    0x080015c4   Section        0  tim.o(i.HAL_TIM_MspPostInit)
    i.HAL_TIM_PWM_ConfigChannel              0x08001608   Section        0  stm32f1xx_hal_tim.o(i.HAL_TIM_PWM_ConfigChannel)
    i.HAL_TIM_PWM_Init                       0x080016d4   Section        0  stm32f1xx_hal_tim.o(i.HAL_TIM_PWM_Init)
    i.HAL_TIM_PWM_MspInit                    0x08001730   Section        0  tim.o(i.HAL_TIM_PWM_MspInit)
    i.HAL_TIM_PWM_Start                      0x08001754   Section        0  stm32f1xx_hal_tim.o(i.HAL_TIM_PWM_Start)
    i.HAL_UARTEx_RxEventCallback             0x08001808   Section        0  stm32f1xx_hal_uart.o(i.HAL_UARTEx_RxEventCallback)
    i.HAL_UART_ErrorCallback                 0x0800180a   Section        0  stm32f1xx_hal_uart.o(i.HAL_UART_ErrorCallback)
    i.HAL_UART_IRQHandler                    0x0800180c   Section        0  stm32f1xx_hal_uart.o(i.HAL_UART_IRQHandler)
    i.HAL_UART_Init                          0x08001a78   Section        0  stm32f1xx_hal_uart.o(i.HAL_UART_Init)
    i.HAL_UART_MspInit                       0x08001adc   Section        0  usart.o(i.HAL_UART_MspInit)
    i.HAL_UART_Receive_IT                    0x08001b5c   Section        0  stm32f1xx_hal_uart.o(i.HAL_UART_Receive_IT)
    i.HAL_UART_RxCpltCallback                0x08001b78   Section        0  main.o(i.HAL_UART_RxCpltCallback)
    i.HAL_UART_Transmit                      0x08001c58   Section        0  stm32f1xx_hal_uart.o(i.HAL_UART_Transmit)
    i.HAL_UART_TxCpltCallback                0x08001cf2   Section        0  stm32f1xx_hal_uart.o(i.HAL_UART_TxCpltCallback)
    i.HardFault_Handler                      0x08001cf4   Section        0  stm32f1xx_it.o(i.HardFault_Handler)
    i.MX_DAC_Init                            0x08001cf8   Section        0  dac.o(i.MX_DAC_Init)
    i.MX_DMA_Init                            0x08001d38   Section        0  dma.o(i.MX_DMA_Init)
    i.MX_GPIO_Init                           0x08001d64   Section        0  gpio.o(i.MX_GPIO_Init)
    i.MX_TIM2_Init                           0x08001dd0   Section        0  tim.o(i.MX_TIM2_Init)
    i.MX_TIM6_Init                           0x08001e40   Section        0  tim.o(i.MX_TIM6_Init)
    i.MX_USART1_UART_Init                    0x08001e84   Section        0  usart.o(i.MX_USART1_UART_Init)
    i.MemManage_Handler                      0x08001ebc   Section        0  stm32f1xx_it.o(i.MemManage_Handler)
    i.NMI_Handler                            0x08001ebe   Section        0  stm32f1xx_it.o(i.NMI_Handler)
    i.PendSV_Handler                         0x08001ec0   Section        0  stm32f1xx_it.o(i.PendSV_Handler)
    i.SVC_Handler                            0x08001ec2   Section        0  stm32f1xx_it.o(i.SVC_Handler)
    i.SineWaveGen                            0x08001ec4   Section        0  main.o(i.SineWaveGen)
    i.SysTick_Handler                        0x08001f54   Section        0  stm32f1xx_it.o(i.SysTick_Handler)
    i.SystemClock_Config                     0x08001f58   Section        0  main.o(i.SystemClock_Config)
    i.SystemInit                             0x08001fb6   Section        0  system_stm32f1xx.o(i.SystemInit)
    i.TIM_Base_SetConfig                     0x08001fb8   Section        0  stm32f1xx_hal_tim.o(i.TIM_Base_SetConfig)
    i.TIM_CCxChannelCmd                      0x08002044   Section        0  stm32f1xx_hal_tim.o(i.TIM_CCxChannelCmd)
    i.TIM_OC1_SetConfig                      0x08002060   Section        0  stm32f1xx_hal_tim.o(i.TIM_OC1_SetConfig)
    TIM_OC1_SetConfig                        0x08002061   Thumb Code    88  stm32f1xx_hal_tim.o(i.TIM_OC1_SetConfig)
    i.TIM_OC2_SetConfig                      0x080020c0   Section        0  stm32f1xx_hal_tim.o(i.TIM_OC2_SetConfig)
    i.TIM_OC3_SetConfig                      0x0800212c   Section        0  stm32f1xx_hal_tim.o(i.TIM_OC3_SetConfig)
    TIM_OC3_SetConfig                        0x0800212d   Thumb Code    96  stm32f1xx_hal_tim.o(i.TIM_OC3_SetConfig)
    i.TIM_OC4_SetConfig                      0x08002194   Section        0  stm32f1xx_hal_tim.o(i.TIM_OC4_SetConfig)
    TIM_OC4_SetConfig                        0x08002195   Thumb Code    70  stm32f1xx_hal_tim.o(i.TIM_OC4_SetConfig)
    i.TriangleWaveGen                        0x080021e4   Section        0  main.o(i.TriangleWaveGen)
    i.UART_DMAAbortOnError                   0x08002264   Section        0  stm32f1xx_hal_uart.o(i.UART_DMAAbortOnError)
    UART_DMAAbortOnError                     0x08002265   Thumb Code    16  stm32f1xx_hal_uart.o(i.UART_DMAAbortOnError)
    i.UART_EndRxTransfer                     0x08002274   Section        0  stm32f1xx_hal_uart.o(i.UART_EndRxTransfer)
    UART_EndRxTransfer                       0x08002275   Thumb Code    78  stm32f1xx_hal_uart.o(i.UART_EndRxTransfer)
    i.UART_Receive_IT                        0x080022c2   Section        0  stm32f1xx_hal_uart.o(i.UART_Receive_IT)
    UART_Receive_IT                          0x080022c3   Thumb Code   194  stm32f1xx_hal_uart.o(i.UART_Receive_IT)
    i.UART_SetConfig                         0x08002384   Section        0  stm32f1xx_hal_uart.o(i.UART_SetConfig)
    UART_SetConfig                           0x08002385   Thumb Code   178  stm32f1xx_hal_uart.o(i.UART_SetConfig)
    i.UART_Start_Receive_IT                  0x0800243c   Section        0  stm32f1xx_hal_uart.o(i.UART_Start_Receive_IT)
    i.UART_WaitOnFlagUntilTimeout            0x08002472   Section        0  stm32f1xx_hal_uart.o(i.UART_WaitOnFlagUntilTimeout)
    UART_WaitOnFlagUntilTimeout              0x08002473   Thumb Code   120  stm32f1xx_hal_uart.o(i.UART_WaitOnFlagUntilTimeout)
    i.USART1_IRQHandler                      0x080024ec   Section        0  stm32f1xx_it.o(i.USART1_IRQHandler)
    i.UsageFault_Handler                     0x080024f8   Section        0  stm32f1xx_it.o(i.UsageFault_Handler)
    i.__ARM_fpclassify                       0x080024fa   Section        0  fpclassify.o(i.__ARM_fpclassify)
    i.__NVIC_SetPriority                     0x08002522   Section        0  stm32f1xx_hal_cortex.o(i.__NVIC_SetPriority)
    __NVIC_SetPriority                       0x08002523   Thumb Code    32  stm32f1xx_hal_cortex.o(i.__NVIC_SetPriority)
    i.__ieee754_rem_pio2                     0x08002544   Section        0  rred.o(i.__ieee754_rem_pio2)
    i.__kernel_cos                           0x080028cc   Section        0  cos_i.o(i.__kernel_cos)
    i.__kernel_poly                          0x080029c8   Section        0  poly.o(i.__kernel_poly)
    i.__kernel_sin                           0x08002a74   Section        0  sin_i.o(i.__kernel_sin)
    i.__mathlib_dbl_infnan                   0x08002b60   Section        0  dunder.o(i.__mathlib_dbl_infnan)
    i.__mathlib_dbl_invalid                  0x08002b66   Section        0  dunder.o(i.__mathlib_dbl_invalid)
    i.__mathlib_dbl_underflow                0x08002b74   Section        0  dunder.o(i.__mathlib_dbl_underflow)
    i.delay_ms                               0x08002b84   Section        0  main.o(i.delay_ms)
    i.display_sine_wave_on_lcd               0x08002b98   Section        0  main.o(i.display_sine_wave_on_lcd)
    i.display_triangle_wave_on_lcd           0x08002c04   Section        0  main.o(i.display_triangle_wave_on_lcd)
    i.key_init                               0x08002c6c   Section        0  key.o(i.key_init)
    i.key_scan                               0x08002ce8   Section        0  key.o(i.key_scan)
    i.lcd_clear                              0x08002d90   Section        0  lcd.o(i.lcd_clear)
    i.lcd_display_dir                        0x08002dfc   Section        0  lcd.o(i.lcd_display_dir)
    i.lcd_draw_point                         0x08002ee8   Section        0  lcd.o(i.lcd_draw_point)
    i.lcd_ex_ili9341_reginit                 0x08002f34   Section        0  lcd.o(i.lcd_ex_ili9341_reginit)
    i.lcd_ex_ili9806_reginit                 0x08003368   Section        0  lcd.o(i.lcd_ex_ili9806_reginit)
    i.lcd_ex_nt35310_reginit                 0x080038dc   Section        0  lcd.o(i.lcd_ex_nt35310_reginit)
    i.lcd_ex_nt35510_reginit                 0x08004bf8   Section        0  lcd.o(i.lcd_ex_nt35510_reginit)
    i.lcd_ex_ssd1963_reginit                 0x08005b3c   Section        0  lcd.o(i.lcd_ex_ssd1963_reginit)
    i.lcd_ex_st7789_reginit                  0x08005e00   Section        0  lcd.o(i.lcd_ex_st7789_reginit)
    i.lcd_ex_st7796_reginit                  0x08006140   Section        0  lcd.o(i.lcd_ex_st7796_reginit)
    i.lcd_init                               0x080064dc   Section        0  lcd.o(i.lcd_init)
    i.lcd_pow                                0x0800690a   Section        0  lcd.o(i.lcd_pow)
    lcd_pow                                  0x0800690b   Thumb Code    16  lcd.o(i.lcd_pow)
    i.lcd_rd_data                            0x0800691c   Section        0  lcd.o(i.lcd_rd_data)
    lcd_rd_data                              0x0800691d   Thumb Code    94  lcd.o(i.lcd_rd_data)
    i.lcd_scan_dir                           0x08006984   Section        0  lcd.o(i.lcd_scan_dir)
    i.lcd_set_cursor                         0x08006c88   Section        0  lcd.o(i.lcd_set_cursor)
    i.lcd_show_char                          0x08006f28   Section        0  lcd.o(i.lcd_show_char)
    i.lcd_show_num                           0x08007008   Section        0  lcd.o(i.lcd_show_num)
    i.lcd_show_string                        0x0800707a   Section        0  lcd.o(i.lcd_show_string)
    i.lcd_ssd_backlight_set                  0x080070d0   Section        0  lcd.o(i.lcd_ssd_backlight_set)
    i.lcd_wr_xdata                           0x0800719c   Section        0  lcd.o(i.lcd_wr_xdata)
    i.lcd_write_reg                          0x080071c4   Section        0  lcd.o(i.lcd_write_reg)
    i.main                                   0x08007204   Section        0  main.o(i.main)
    i.sin                                    0x08007668   Section        0  sin.o(i.sin)
    x$fpl$d2f                                0x08007708   Section       98  d2f.o(x$fpl$d2f)
    x$fpl$dadd                               0x0800776c   Section      336  daddsub_clz.o(x$fpl$dadd)
    _dadd1                                   0x0800777d   Thumb Code     0  daddsub_clz.o(x$fpl$dadd)
    x$fpl$dcheck1                            0x080078bc   Section       16  dcheck1.o(x$fpl$dcheck1)
    x$fpl$ddiv                               0x080078cc   Section      688  ddiv.o(x$fpl$ddiv)
    ddiv_entry                               0x080078d3   Thumb Code     0  ddiv.o(x$fpl$ddiv)
    x$fpl$dfix                               0x08007b7c   Section       94  dfix.o(x$fpl$dfix)
    x$fpl$dfixu                              0x08007bdc   Section       90  dfixu.o(x$fpl$dfixu)
    x$fpl$dflt                               0x08007c36   Section       46  dflt_clz.o(x$fpl$dflt)
    x$fpl$dfltu                              0x08007c64   Section       38  dflt_clz.o(x$fpl$dfltu)
    x$fpl$dmul                               0x08007c8c   Section      340  dmul.o(x$fpl$dmul)
    x$fpl$dnaninf                            0x08007de0   Section      156  dnaninf.o(x$fpl$dnaninf)
    x$fpl$dretinf                            0x08007e7c   Section       12  dretinf.o(x$fpl$dretinf)
    x$fpl$drsb                               0x08007e88   Section       22  daddsub_clz.o(x$fpl$drsb)
    x$fpl$dsub                               0x08007ea0   Section      468  daddsub_clz.o(x$fpl$dsub)
    _dsub1                                   0x08007eb1   Thumb Code     0  daddsub_clz.o(x$fpl$dsub)
    x$fpl$f2d                                0x08008074   Section       86  f2d.o(x$fpl$f2d)
    x$fpl$fadd                               0x080080cc   Section      196  faddsub_clz.o(x$fpl$fadd)
    _fadd1                                   0x080080db   Thumb Code     0  faddsub_clz.o(x$fpl$fadd)
    x$fpl$fdiv                               0x08008190   Section      388  fdiv.o(x$fpl$fdiv)
    _fdiv1                                   0x08008191   Thumb Code     0  fdiv.o(x$fpl$fdiv)
    x$fpl$ffix                               0x08008314   Section       54  ffix.o(x$fpl$ffix)
    x$fpl$ffixu                              0x0800834c   Section       62  ffixu.o(x$fpl$ffixu)
    x$fpl$fflt                               0x0800838c   Section       48  fflt_clz.o(x$fpl$fflt)
    x$fpl$ffltu                              0x080083bc   Section       38  fflt_clz.o(x$fpl$ffltu)
    x$fpl$fmul                               0x080083e4   Section      258  fmul.o(x$fpl$fmul)
    x$fpl$fnaninf                            0x080084e6   Section      140  fnaninf.o(x$fpl$fnaninf)
    x$fpl$fretinf                            0x08008572   Section       10  fretinf.o(x$fpl$fretinf)
    x$fpl$frsb                               0x0800857c   Section       20  faddsub_clz.o(x$fpl$frsb)
    x$fpl$fsub                               0x08008590   Section      234  faddsub_clz.o(x$fpl$fsub)
    _fsub1                                   0x0800859f   Thumb Code     0  faddsub_clz.o(x$fpl$fsub)
    x$fpl$retnan                             0x0800867a   Section      100  retnan.o(x$fpl$retnan)
    x$fpl$scalbn                             0x080086de   Section       92  scalbn.o(x$fpl$scalbn)
    x$fpl$trapveneer                         0x0800873a   Section       48  trapv.o(x$fpl$trapveneer)
    .constdata                               0x0800876a   Section       18  stm32f1xx_hal_rcc.o(.constdata)
    x$fpl$usenofp                            0x0800876a   Section        0  usenofp.o(x$fpl$usenofp)
    aPredivFactorTable                       0x0800876a   Data           2  stm32f1xx_hal_rcc.o(.constdata)
    aPLLMULFactorTable                       0x0800876c   Data          16  stm32f1xx_hal_rcc.o(.constdata)
    .constdata                               0x0800877c   Section       16  system_stm32f1xx.o(.constdata)
    .constdata                               0x0800878c   Section        8  system_stm32f1xx.o(.constdata)
    .constdata                               0x08008794   Section    14352  lcd.o(.constdata)
    .constdata                               0x0800bfa8   Section       48  cos_i.o(.constdata)
    C                                        0x0800bfa8   Data          48  cos_i.o(.constdata)
    .constdata                               0x0800bfd8   Section      200  rred.o(.constdata)
    pio2s                                    0x0800bfd8   Data          48  rred.o(.constdata)
    twooverpi                                0x0800c008   Data         152  rred.o(.constdata)
    .constdata                               0x0800c0a0   Section       40  sin_i.o(.constdata)
    S                                        0x0800c0a0   Data          40  sin_i.o(.constdata)
    .data                                    0x20000000   Section       20  main.o(.data)
    .data                                    0x20000014   Section       12  stm32f1xx_hal.o(.data)
    .data                                    0x20000020   Section        4  system_stm32f1xx.o(.data)
    .data                                    0x20000024   Section        4  lcd.o(.data)
    .data                                    0x20000028   Section        1  key.o(.data)
    key_up                                   0x20000028   Data           1  key.o(.data)
    .bss                                     0x2000002c   Section     1456  main.o(.bss)
    .bss                                     0x200005dc   Section       88  dac.o(.bss)
    .bss                                     0x20000634   Section      144  tim.o(.bss)
    .bss                                     0x200006c4   Section       72  usart.o(.bss)
    .bss                                     0x2000070c   Section       14  lcd.o(.bss)
    .bss                                     0x2000071c   Section       96  libspace.o(.bss)
    HEAP                                     0x20000780   Section      512  startup_stm32f103xe.o(HEAP)
    Heap_Mem                                 0x20000780   Data         512  startup_stm32f103xe.o(HEAP)
    STACK                                    0x20000980   Section     1024  startup_stm32f103xe.o(STACK)
    Stack_Mem                                0x20000980   Data        1024  startup_stm32f103xe.o(STACK)
    __initial_sp                             0x20000d80   Data           0  startup_stm32f103xe.o(STACK)

    Global Symbols

    Symbol Name                              Value     Ov Type        Size  Object(Section)

    BuildAttributes$$THM_ISAv4$P$D$K$B$S$PE$A:L22UL41UL21$X:L11$S22US41US21$IEEE1$IW$USESV6$~STKCKD$USESV7$~SHL$OTIME$ROPI$IEEEX$EBA8$UX$STANDARDLIB$REQ8$PRES8$EABIv2 0x00000000   Number         0  anon$$obj.o ABSOLUTE
    __ARM_use_no_argv                        0x00000000   Number         0  main.o ABSOLUTE
    __ARM_exceptions_init                     - Undefined Weak Reference
    __alloca_initialize                       - Undefined Weak Reference
    __arm_preinit_                            - Undefined Weak Reference
    __cpp_initialize__aeabi_                  - Undefined Weak Reference
    __cxa_finalize                            - Undefined Weak Reference
    __rt_locale                               - Undefined Weak Reference
    __sigvec_lookup                           - Undefined Weak Reference
    _atexit_init                              - Undefined Weak Reference
    _call_atexit_fns                          - Undefined Weak Reference
    _clock_init                               - Undefined Weak Reference
    _fp_trap_init                             - Undefined Weak Reference
    _fp_trap_shutdown                         - Undefined Weak Reference
    _get_lc_collate                           - Undefined Weak Reference
    _get_lc_ctype                             - Undefined Weak Reference
    _get_lc_monetary                          - Undefined Weak Reference
    _get_lc_numeric                           - Undefined Weak Reference
    _get_lc_time                              - Undefined Weak Reference
    _getenv_init                              - Undefined Weak Reference
    _handle_redirection                       - Undefined Weak Reference
    _init_alloc                               - Undefined Weak Reference
    _init_user_alloc                          - Undefined Weak Reference
    _initio                                   - Undefined Weak Reference
    _rand_init                                - Undefined Weak Reference
    _signal_finish                            - Undefined Weak Reference
    _signal_init                              - Undefined Weak Reference
    _terminate_alloc                          - Undefined Weak Reference
    _terminate_user_alloc                     - Undefined Weak Reference
    _terminateio                              - Undefined Weak Reference
    __Vectors_Size                           0x00000130   Number         0  startup_stm32f103xe.o ABSOLUTE
    __Vectors                                0x08000000   Data           4  startup_stm32f103xe.o(RESET)
    __Vectors_End                            0x08000130   Data           0  startup_stm32f103xe.o(RESET)
    __main                                   0x08000131   Thumb Code     8  __main.o(!!!main)
    __scatterload                            0x08000139   Thumb Code     0  __scatter.o(!!!scatter)
    __scatterload_rt2                        0x08000139   Thumb Code    44  __scatter.o(!!!scatter)
    __scatterload_rt2_thumb_only             0x08000139   Thumb Code     0  __scatter.o(!!!scatter)
    __scatterload_null                       0x08000147   Thumb Code     0  __scatter.o(!!!scatter)
    __scatterload_copy                       0x0800016d   Thumb Code    26  __scatter_copy.o(!!handler_copy)
    __scatterload_zeroinit                   0x08000189   Thumb Code    28  __scatter_zi.o(!!handler_zi)
    __rt_lib_init                            0x080001a5   Thumb Code     0  libinit.o(.ARM.Collect$$libinit$$00000000)
    __rt_lib_init_alloca_1                   0x080001a7   Thumb Code     0  libinit2.o(.ARM.Collect$$libinit$$0000002E)
    __rt_lib_init_argv_1                     0x080001a7   Thumb Code     0  libinit2.o(.ARM.Collect$$libinit$$0000002C)
    __rt_lib_init_atexit_1                   0x080001a7   Thumb Code     0  libinit2.o(.ARM.Collect$$libinit$$0000001B)
    __rt_lib_init_clock_1                    0x080001a7   Thumb Code     0  libinit2.o(.ARM.Collect$$libinit$$00000021)
    __rt_lib_init_cpp_1                      0x080001a7   Thumb Code     0  libinit2.o(.ARM.Collect$$libinit$$00000032)
    __rt_lib_init_exceptions_1               0x080001a7   Thumb Code     0  libinit2.o(.ARM.Collect$$libinit$$00000030)
    __rt_lib_init_fp_1                       0x080001a7   Thumb Code     0  libinit2.o(.ARM.Collect$$libinit$$00000002)
    __rt_lib_init_fp_trap_1                  0x080001a7   Thumb Code     0  libinit2.o(.ARM.Collect$$libinit$$0000001F)
    __rt_lib_init_getenv_1                   0x080001a7   Thumb Code     0  libinit2.o(.ARM.Collect$$libinit$$00000023)
    __rt_lib_init_heap_1                     0x080001a7   Thumb Code     0  libinit2.o(.ARM.Collect$$libinit$$0000000A)
    __rt_lib_init_lc_collate_1               0x080001a7   Thumb Code     0  libinit2.o(.ARM.Collect$$libinit$$00000011)
    __rt_lib_init_lc_ctype_1                 0x080001a7   Thumb Code     0  libinit2.o(.ARM.Collect$$libinit$$00000013)
    __rt_lib_init_lc_monetary_1              0x080001a7   Thumb Code     0  libinit2.o(.ARM.Collect$$libinit$$00000015)
    __rt_lib_init_lc_numeric_1               0x080001a7   Thumb Code     0  libinit2.o(.ARM.Collect$$libinit$$00000017)
    __rt_lib_init_lc_time_1                  0x080001a7   Thumb Code     0  libinit2.o(.ARM.Collect$$libinit$$00000019)
    __rt_lib_init_preinit_1                  0x080001a7   Thumb Code     0  libinit2.o(.ARM.Collect$$libinit$$00000004)
    __rt_lib_init_rand_1                     0x080001a7   Thumb Code     0  libinit2.o(.ARM.Collect$$libinit$$0000000E)
    __rt_lib_init_return                     0x080001a7   Thumb Code     0  libinit2.o(.ARM.Collect$$libinit$$00000033)
    __rt_lib_init_signal_1                   0x080001a7   Thumb Code     0  libinit2.o(.ARM.Collect$$libinit$$0000001D)
    __rt_lib_init_stdio_1                    0x080001a7   Thumb Code     0  libinit2.o(.ARM.Collect$$libinit$$00000025)
    __rt_lib_init_user_alloc_1               0x080001a7   Thumb Code     0  libinit2.o(.ARM.Collect$$libinit$$0000000C)
    __rt_lib_shutdown                        0x080001a9   Thumb Code     0  libshutdown.o(.ARM.Collect$$libshutdown$$00000000)
    __rt_lib_shutdown_fp_trap_1              0x080001ab   Thumb Code     0  libshutdown2.o(.ARM.Collect$$libshutdown$$00000006)
    __rt_lib_shutdown_heap_1                 0x080001ab   Thumb Code     0  libshutdown2.o(.ARM.Collect$$libshutdown$$0000000E)
    __rt_lib_shutdown_return                 0x080001ab   Thumb Code     0  libshutdown2.o(.ARM.Collect$$libshutdown$$0000000F)
    __rt_lib_shutdown_signal_1               0x080001ab   Thumb Code     0  libshutdown2.o(.ARM.Collect$$libshutdown$$00000009)
    __rt_lib_shutdown_stdio_1                0x080001ab   Thumb Code     0  libshutdown2.o(.ARM.Collect$$libshutdown$$00000003)
    __rt_lib_shutdown_user_alloc_1           0x080001ab   Thumb Code     0  libshutdown2.o(.ARM.Collect$$libshutdown$$0000000B)
    __rt_entry                               0x080001ad   Thumb Code     0  __rtentry.o(.ARM.Collect$$rtentry$$00000000)
    __rt_entry_presh_1                       0x080001ad   Thumb Code     0  __rtentry2.o(.ARM.Collect$$rtentry$$00000002)
    __rt_entry_sh                            0x080001ad   Thumb Code     0  __rtentry4.o(.ARM.Collect$$rtentry$$00000004)
    __rt_entry_li                            0x080001b3   Thumb Code     0  __rtentry2.o(.ARM.Collect$$rtentry$$0000000A)
    __rt_entry_postsh_1                      0x080001b3   Thumb Code     0  __rtentry2.o(.ARM.Collect$$rtentry$$00000009)
    __rt_entry_main                          0x080001b7   Thumb Code     0  __rtentry2.o(.ARM.Collect$$rtentry$$0000000D)
    __rt_entry_postli_1                      0x080001b7   Thumb Code     0  __rtentry2.o(.ARM.Collect$$rtentry$$0000000C)
    __rt_exit                                0x080001bf   Thumb Code     0  rtexit.o(.ARM.Collect$$rtexit$$00000000)
    __rt_exit_ls                             0x080001c1   Thumb Code     0  rtexit2.o(.ARM.Collect$$rtexit$$00000003)
    __rt_exit_prels_1                        0x080001c1   Thumb Code     0  rtexit2.o(.ARM.Collect$$rtexit$$00000002)
    __rt_exit_exit                           0x080001c5   Thumb Code     0  rtexit2.o(.ARM.Collect$$rtexit$$00000004)
    Reset_Handler                            0x080001cd   Thumb Code     8  startup_stm32f103xe.o(.text)
    ADC1_2_IRQHandler                        0x080001e7   Thumb Code     0  startup_stm32f103xe.o(.text)
    ADC3_IRQHandler                          0x080001e7   Thumb Code     0  startup_stm32f103xe.o(.text)
    CAN1_RX1_IRQHandler                      0x080001e7   Thumb Code     0  startup_stm32f103xe.o(.text)
    CAN1_SCE_IRQHandler                      0x080001e7   Thumb Code     0  startup_stm32f103xe.o(.text)
    DMA1_Channel1_IRQHandler                 0x080001e7   Thumb Code     0  startup_stm32f103xe.o(.text)
    DMA1_Channel2_IRQHandler                 0x080001e7   Thumb Code     0  startup_stm32f103xe.o(.text)
    DMA1_Channel3_IRQHandler                 0x080001e7   Thumb Code     0  startup_stm32f103xe.o(.text)
    DMA1_Channel4_IRQHandler                 0x080001e7   Thumb Code     0  startup_stm32f103xe.o(.text)
    DMA1_Channel5_IRQHandler                 0x080001e7   Thumb Code     0  startup_stm32f103xe.o(.text)
    DMA1_Channel6_IRQHandler                 0x080001e7   Thumb Code     0  startup_stm32f103xe.o(.text)
    DMA1_Channel7_IRQHandler                 0x080001e7   Thumb Code     0  startup_stm32f103xe.o(.text)
    DMA2_Channel1_IRQHandler                 0x080001e7   Thumb Code     0  startup_stm32f103xe.o(.text)
    DMA2_Channel2_IRQHandler                 0x080001e7   Thumb Code     0  startup_stm32f103xe.o(.text)
    DMA2_Channel3_IRQHandler                 0x080001e7   Thumb Code     0  startup_stm32f103xe.o(.text)
    EXTI0_IRQHandler                         0x080001e7   Thumb Code     0  startup_stm32f103xe.o(.text)
    EXTI15_10_IRQHandler                     0x080001e7   Thumb Code     0  startup_stm32f103xe.o(.text)
    EXTI1_IRQHandler                         0x080001e7   Thumb Code     0  startup_stm32f103xe.o(.text)
    EXTI2_IRQHandler                         0x080001e7   Thumb Code     0  startup_stm32f103xe.o(.text)
    EXTI3_IRQHandler                         0x080001e7   Thumb Code     0  startup_stm32f103xe.o(.text)
    EXTI4_IRQHandler                         0x080001e7   Thumb Code     0  startup_stm32f103xe.o(.text)
    EXTI9_5_IRQHandler                       0x080001e7   Thumb Code     0  startup_stm32f103xe.o(.text)
    FLASH_IRQHandler                         0x080001e7   Thumb Code     0  startup_stm32f103xe.o(.text)
    FSMC_IRQHandler                          0x080001e7   Thumb Code     0  startup_stm32f103xe.o(.text)
    I2C1_ER_IRQHandler                       0x080001e7   Thumb Code     0  startup_stm32f103xe.o(.text)
    I2C1_EV_IRQHandler                       0x080001e7   Thumb Code     0  startup_stm32f103xe.o(.text)
    I2C2_ER_IRQHandler                       0x080001e7   Thumb Code     0  startup_stm32f103xe.o(.text)
    I2C2_EV_IRQHandler                       0x080001e7   Thumb Code     0  startup_stm32f103xe.o(.text)
    PVD_IRQHandler                           0x080001e7   Thumb Code     0  startup_stm32f103xe.o(.text)
    RCC_IRQHandler                           0x080001e7   Thumb Code     0  startup_stm32f103xe.o(.text)
    RTC_Alarm_IRQHandler                     0x080001e7   Thumb Code     0  startup_stm32f103xe.o(.text)
    RTC_IRQHandler                           0x080001e7   Thumb Code     0  startup_stm32f103xe.o(.text)
    SDIO_IRQHandler                          0x080001e7   Thumb Code     0  startup_stm32f103xe.o(.text)
    SPI1_IRQHandler                          0x080001e7   Thumb Code     0  startup_stm32f103xe.o(.text)
    SPI2_IRQHandler                          0x080001e7   Thumb Code     0  startup_stm32f103xe.o(.text)
    SPI3_IRQHandler                          0x080001e7   Thumb Code     0  startup_stm32f103xe.o(.text)
    TAMPER_IRQHandler                        0x080001e7   Thumb Code     0  startup_stm32f103xe.o(.text)
    TIM1_BRK_IRQHandler                      0x080001e7   Thumb Code     0  startup_stm32f103xe.o(.text)
    TIM1_CC_IRQHandler                       0x080001e7   Thumb Code     0  startup_stm32f103xe.o(.text)
    TIM1_TRG_COM_IRQHandler                  0x080001e7   Thumb Code     0  startup_stm32f103xe.o(.text)
    TIM1_UP_IRQHandler                       0x080001e7   Thumb Code     0  startup_stm32f103xe.o(.text)
    TIM2_IRQHandler                          0x080001e7   Thumb Code     0  startup_stm32f103xe.o(.text)
    TIM3_IRQHandler                          0x080001e7   Thumb Code     0  startup_stm32f103xe.o(.text)
    TIM4_IRQHandler                          0x080001e7   Thumb Code     0  startup_stm32f103xe.o(.text)
    TIM5_IRQHandler                          0x080001e7   Thumb Code     0  startup_stm32f103xe.o(.text)
    TIM6_IRQHandler                          0x080001e7   Thumb Code     0  startup_stm32f103xe.o(.text)
    TIM7_IRQHandler                          0x080001e7   Thumb Code     0  startup_stm32f103xe.o(.text)
    TIM8_BRK_IRQHandler                      0x080001e7   Thumb Code     0  startup_stm32f103xe.o(.text)
    TIM8_CC_IRQHandler                       0x080001e7   Thumb Code     0  startup_stm32f103xe.o(.text)
    TIM8_TRG_COM_IRQHandler                  0x080001e7   Thumb Code     0  startup_stm32f103xe.o(.text)
    TIM8_UP_IRQHandler                       0x080001e7   Thumb Code     0  startup_stm32f103xe.o(.text)
    UART4_IRQHandler                         0x080001e7   Thumb Code     0  startup_stm32f103xe.o(.text)
    UART5_IRQHandler                         0x080001e7   Thumb Code     0  startup_stm32f103xe.o(.text)
    USART2_IRQHandler                        0x080001e7   Thumb Code     0  startup_stm32f103xe.o(.text)
    USART3_IRQHandler                        0x080001e7   Thumb Code     0  startup_stm32f103xe.o(.text)
    USBWakeUp_IRQHandler                     0x080001e7   Thumb Code     0  startup_stm32f103xe.o(.text)
    USB_HP_CAN1_TX_IRQHandler                0x080001e7   Thumb Code     0  startup_stm32f103xe.o(.text)
    USB_LP_CAN1_RX0_IRQHandler               0x080001e7   Thumb Code     0  startup_stm32f103xe.o(.text)
    WWDG_IRQHandler                          0x080001e7   Thumb Code     0  startup_stm32f103xe.o(.text)
    __user_initial_stackheap                 0x080001e9   Thumb Code     0  startup_stm32f103xe.o(.text)
    strncmp                                  0x0800020d   Thumb Code   150  strncmp.o(.text)
    __aeabi_memclr                           0x080002a3   Thumb Code     0  rt_memclr.o(.text)
    __rt_memclr                              0x080002a3   Thumb Code    68  rt_memclr.o(.text)
    _memset                                  0x080002a7   Thumb Code     0  rt_memclr.o(.text)
    __aeabi_memclr4                          0x080002e7   Thumb Code     0  rt_memclr_w.o(.text)
    __aeabi_memclr8                          0x080002e7   Thumb Code     0  rt_memclr_w.o(.text)
    __rt_memclr_w                            0x080002e7   Thumb Code    78  rt_memclr_w.o(.text)
    _memset_w                                0x080002eb   Thumb Code     0  rt_memclr_w.o(.text)
    __use_two_region_memory                  0x08000335   Thumb Code     2  heapauxi.o(.text)
    __rt_heap_escrow$2region                 0x08000337   Thumb Code     2  heapauxi.o(.text)
    __rt_heap_expand$2region                 0x08000339   Thumb Code     2  heapauxi.o(.text)
    __read_errno                             0x0800033b   Thumb Code    10  _rserrno.o(.text)
    __set_errno                              0x08000345   Thumb Code    12  _rserrno.o(.text)
    __aeabi_errno_addr                       0x08000351   Thumb Code     8  rt_errno_addr_intlibspace.o(.text)
    __errno$intlibspace                      0x08000351   Thumb Code     0  rt_errno_addr_intlibspace.o(.text)
    __rt_errno_addr$intlibspace              0x08000351   Thumb Code     0  rt_errno_addr_intlibspace.o(.text)
    __user_libspace                          0x08000359   Thumb Code     8  libspace.o(.text)
    __user_perproc_libspace                  0x08000359   Thumb Code     0  libspace.o(.text)
    __user_perthread_libspace                0x08000359   Thumb Code     0  libspace.o(.text)
    __user_setup_stackheap                   0x08000361   Thumb Code    74  sys_stackheap_outer.o(.text)
    exit                                     0x080003ab   Thumb Code    12  exit.o(.text)
    _sys_exit                                0x080003b9   Thumb Code     8  sys_exit.o(.text)
    __I$use$semihosting                      0x080003c5   Thumb Code     0  use_no_semi.o(.text)
    __use_no_semihosting_swi                 0x080003c5   Thumb Code     2  use_no_semi.o(.text)
    BusFault_Handler                         0x080003c7   Thumb Code     2  stm32f1xx_it.o(i.BusFault_Handler)
    __semihosting_library_function           0x080003c7   Thumb Code     0  indicate_semi.o(.text)
    DAC_DMAConvCpltCh1                       0x080003c9   Thumb Code    16  stm32f1xx_hal_dac.o(i.DAC_DMAConvCpltCh1)
    DAC_DMAConvCpltCh2                       0x080003d9   Thumb Code    16  stm32f1xx_hal_dac_ex.o(i.DAC_DMAConvCpltCh2)
    DAC_DMAErrorCh1                          0x080003e9   Thumb Code    24  stm32f1xx_hal_dac.o(i.DAC_DMAErrorCh1)
    DAC_DMAErrorCh2                          0x08000401   Thumb Code    24  stm32f1xx_hal_dac_ex.o(i.DAC_DMAErrorCh2)
    DAC_DMAHalfConvCpltCh1                   0x08000419   Thumb Code    10  stm32f1xx_hal_dac.o(i.DAC_DMAHalfConvCpltCh1)
    DAC_DMAHalfConvCpltCh2                   0x08000423   Thumb Code    10  stm32f1xx_hal_dac_ex.o(i.DAC_DMAHalfConvCpltCh2)
    DMA2_Channel4_5_IRQHandler               0x0800042d   Thumb Code     6  stm32f1xx_it.o(i.DMA2_Channel4_5_IRQHandler)
    DebugMon_Handler                         0x08000463   Thumb Code     2  stm32f1xx_it.o(i.DebugMon_Handler)
    Display_SquareWave                       0x08000465   Thumb Code   228  main.o(i.Display_SquareWave)
    Error_Handler                            0x0800054d   Thumb Code     4  main.o(i.Error_Handler)
    HAL_DACEx_ConvCpltCallbackCh2            0x08000551   Thumb Code     2  stm32f1xx_hal_dac_ex.o(i.HAL_DACEx_ConvCpltCallbackCh2)
    HAL_DACEx_ConvHalfCpltCallbackCh2        0x08000553   Thumb Code     2  stm32f1xx_hal_dac_ex.o(i.HAL_DACEx_ConvHalfCpltCallbackCh2)
    HAL_DACEx_ErrorCallbackCh2               0x08000555   Thumb Code     2  stm32f1xx_hal_dac_ex.o(i.HAL_DACEx_ErrorCallbackCh2)
    HAL_DAC_ConfigChannel                    0x08000557   Thumb Code    78  stm32f1xx_hal_dac.o(i.HAL_DAC_ConfigChannel)
    HAL_DAC_ConvCpltCallbackCh1              0x080005a5   Thumb Code     2  stm32f1xx_hal_dac.o(i.HAL_DAC_ConvCpltCallbackCh1)
    HAL_DAC_ConvHalfCpltCallbackCh1          0x080005a7   Thumb Code     2  stm32f1xx_hal_dac.o(i.HAL_DAC_ConvHalfCpltCallbackCh1)
    HAL_DAC_ErrorCallbackCh1                 0x080005a9   Thumb Code     2  stm32f1xx_hal_dac.o(i.HAL_DAC_ErrorCallbackCh1)
    HAL_DAC_Init                             0x080005ab   Thumb Code    40  stm32f1xx_hal_dac.o(i.HAL_DAC_Init)
    HAL_DAC_MspInit                          0x080005d5   Thumb Code   122  dac.o(i.HAL_DAC_MspInit)
    HAL_DAC_Start_DMA                        0x08000665   Thumb Code   180  stm32f1xx_hal_dac.o(i.HAL_DAC_Start_DMA)
    HAL_DAC_Stop_DMA                         0x08000731   Thumb Code    62  stm32f1xx_hal_dac.o(i.HAL_DAC_Stop_DMA)
    HAL_DMA_Abort                            0x0800076f   Thumb Code    70  stm32f1xx_hal_dma.o(i.HAL_DMA_Abort)
    HAL_DMA_Abort_IT                         0x080007b5   Thumb Code   296  stm32f1xx_hal_dma.o(i.HAL_DMA_Abort_IT)
    HAL_DMA_IRQHandler                       0x080008e5   Thumb Code   552  stm32f1xx_hal_dma.o(i.HAL_DMA_IRQHandler)
    HAL_DMA_Init                             0x08000b2d   Thumb Code   112  stm32f1xx_hal_dma.o(i.HAL_DMA_Init)
    HAL_DMA_Start_IT                         0x08000ba9   Thumb Code   112  stm32f1xx_hal_dma.o(i.HAL_DMA_Start_IT)
    HAL_GPIO_Init                            0x08000c19   Thumb Code   462  stm32f1xx_hal_gpio.o(i.HAL_GPIO_Init)
    HAL_GPIO_ReadPin                         0x08000e11   Thumb Code    10  stm32f1xx_hal_gpio.o(i.HAL_GPIO_ReadPin)
    HAL_GPIO_WritePin                        0x08000e1b   Thumb Code    10  stm32f1xx_hal_gpio.o(i.HAL_GPIO_WritePin)
    HAL_GetTick                              0x08000e25   Thumb Code     6  stm32f1xx_hal.o(i.HAL_GetTick)
    HAL_IncTick                              0x08000e31   Thumb Code    12  stm32f1xx_hal.o(i.HAL_IncTick)
    HAL_Init                                 0x08000e41   Thumb Code    32  stm32f1xx_hal.o(i.HAL_Init)
    HAL_InitTick                             0x08000e65   Thumb Code    54  stm32f1xx_hal.o(i.HAL_InitTick)
    HAL_MspInit                              0x08000ea5   Thumb Code    52  stm32f1xx_hal_msp.o(i.HAL_MspInit)
    HAL_NVIC_EnableIRQ                       0x08000ee1   Thumb Code    26  stm32f1xx_hal_cortex.o(i.HAL_NVIC_EnableIRQ)
    HAL_NVIC_SetPriority                     0x08000efd   Thumb Code    60  stm32f1xx_hal_cortex.o(i.HAL_NVIC_SetPriority)
    HAL_NVIC_SetPriorityGrouping             0x08000f3d   Thumb Code    26  stm32f1xx_hal_cortex.o(i.HAL_NVIC_SetPriorityGrouping)
    HAL_RCC_ClockConfig                      0x08000f61   Thumb Code   280  stm32f1xx_hal_rcc.o(i.HAL_RCC_ClockConfig)
    HAL_RCC_GetPCLK1Freq                     0x0800108d   Thumb Code    20  stm32f1xx_hal_rcc.o(i.HAL_RCC_GetPCLK1Freq)
    HAL_RCC_GetPCLK2Freq                     0x080010ad   Thumb Code    20  stm32f1xx_hal_rcc.o(i.HAL_RCC_GetPCLK2Freq)
    HAL_RCC_GetSysClockFreq                  0x080010cd   Thumb Code    58  stm32f1xx_hal_rcc.o(i.HAL_RCC_GetSysClockFreq)
    HAL_RCC_OscConfig                        0x08001119   Thumb Code   778  stm32f1xx_hal_rcc.o(i.HAL_RCC_OscConfig)
    HAL_SYSTICK_Config                       0x08001439   Thumb Code    40  stm32f1xx_hal_cortex.o(i.HAL_SYSTICK_Config)
    HAL_TIMEx_MasterConfigSynchronization    0x08001461   Thumb Code   104  stm32f1xx_hal_tim_ex.o(i.HAL_TIMEx_MasterConfigSynchronization)
    HAL_TIM_Base_Init                        0x080014dd   Thumb Code    90  stm32f1xx_hal_tim.o(i.HAL_TIM_Base_Init)
    HAL_TIM_Base_MspInit                     0x08001539   Thumb Code    30  tim.o(i.HAL_TIM_Base_MspInit)
    HAL_TIM_Base_Start                       0x08001561   Thumb Code    78  stm32f1xx_hal_tim.o(i.HAL_TIM_Base_Start)
    HAL_TIM_MspPostInit                      0x080015c5   Thumb Code    60  tim.o(i.HAL_TIM_MspPostInit)
    HAL_TIM_PWM_ConfigChannel                0x08001609   Thumb Code   204  stm32f1xx_hal_tim.o(i.HAL_TIM_PWM_ConfigChannel)
    HAL_TIM_PWM_Init                         0x080016d5   Thumb Code    90  stm32f1xx_hal_tim.o(i.HAL_TIM_PWM_Init)
    HAL_TIM_PWM_MspInit                      0x08001731   Thumb Code    30  tim.o(i.HAL_TIM_PWM_MspInit)
    HAL_TIM_PWM_Start                        0x08001755   Thumb Code   160  stm32f1xx_hal_tim.o(i.HAL_TIM_PWM_Start)
    HAL_UARTEx_RxEventCallback               0x08001809   Thumb Code     2  stm32f1xx_hal_uart.o(i.HAL_UARTEx_RxEventCallback)
    HAL_UART_ErrorCallback                   0x0800180b   Thumb Code     2  stm32f1xx_hal_uart.o(i.HAL_UART_ErrorCallback)
    HAL_UART_IRQHandler                      0x0800180d   Thumb Code   616  stm32f1xx_hal_uart.o(i.HAL_UART_IRQHandler)
    HAL_UART_Init                            0x08001a79   Thumb Code   100  stm32f1xx_hal_uart.o(i.HAL_UART_Init)
    HAL_UART_MspInit                         0x08001add   Thumb Code   116  usart.o(i.HAL_UART_MspInit)
    HAL_UART_Receive_IT                      0x08001b5d   Thumb Code    28  stm32f1xx_hal_uart.o(i.HAL_UART_Receive_IT)
    HAL_UART_RxCpltCallback                  0x08001b79   Thumb Code   184  main.o(i.HAL_UART_RxCpltCallback)
    HAL_UART_Transmit                        0x08001c59   Thumb Code   154  stm32f1xx_hal_uart.o(i.HAL_UART_Transmit)
    HAL_UART_TxCpltCallback                  0x08001cf3   Thumb Code     2  stm32f1xx_hal_uart.o(i.HAL_UART_TxCpltCallback)
    HardFault_Handler                        0x08001cf5   Thumb Code     2  stm32f1xx_it.o(i.HardFault_Handler)
    MX_DAC_Init                              0x08001cf9   Thumb Code    54  dac.o(i.MX_DAC_Init)
    MX_DMA_Init                              0x08001d39   Thumb Code    40  dma.o(i.MX_DMA_Init)
    MX_GPIO_Init                             0x08001d65   Thumb Code    98  gpio.o(i.MX_GPIO_Init)
    MX_TIM2_Init                             0x08001dd1   Thumb Code   106  tim.o(i.MX_TIM2_Init)
    MX_TIM6_Init                             0x08001e41   Thumb Code    58  tim.o(i.MX_TIM6_Init)
    MX_USART1_UART_Init                      0x08001e85   Thumb Code    48  usart.o(i.MX_USART1_UART_Init)
    MemManage_Handler                        0x08001ebd   Thumb Code     2  stm32f1xx_it.o(i.MemManage_Handler)
    NMI_Handler                              0x08001ebf   Thumb Code     2  stm32f1xx_it.o(i.NMI_Handler)
    PendSV_Handler                           0x08001ec1   Thumb Code     2  stm32f1xx_it.o(i.PendSV_Handler)
    SVC_Handler                              0x08001ec3   Thumb Code     2  stm32f1xx_it.o(i.SVC_Handler)
    SineWaveGen                              0x08001ec5   Thumb Code   128  main.o(i.SineWaveGen)
    SysTick_Handler                          0x08001f55   Thumb Code     4  stm32f1xx_it.o(i.SysTick_Handler)
    SystemClock_Config                       0x08001f59   Thumb Code    94  main.o(i.SystemClock_Config)
    SystemInit                               0x08001fb7   Thumb Code     2  system_stm32f1xx.o(i.SystemInit)
    TIM_Base_SetConfig                       0x08001fb9   Thumb Code   120  stm32f1xx_hal_tim.o(i.TIM_Base_SetConfig)
    TIM_CCxChannelCmd                        0x08002045   Thumb Code    26  stm32f1xx_hal_tim.o(i.TIM_CCxChannelCmd)
    TIM_OC2_SetConfig                        0x080020c1   Thumb Code    98  stm32f1xx_hal_tim.o(i.TIM_OC2_SetConfig)
    TriangleWaveGen                          0x080021e5   Thumb Code   122  main.o(i.TriangleWaveGen)
    UART_Start_Receive_IT                    0x0800243d   Thumb Code    54  stm32f1xx_hal_uart.o(i.UART_Start_Receive_IT)
    USART1_IRQHandler                        0x080024ed   Thumb Code     6  stm32f1xx_it.o(i.USART1_IRQHandler)
    UsageFault_Handler                       0x080024f9   Thumb Code     2  stm32f1xx_it.o(i.UsageFault_Handler)
    __ARM_fpclassify                         0x080024fb   Thumb Code    40  fpclassify.o(i.__ARM_fpclassify)
    __ieee754_rem_pio2                       0x08002545   Thumb Code   828  rred.o(i.__ieee754_rem_pio2)
    __kernel_cos                             0x080028cd   Thumb Code   230  cos_i.o(i.__kernel_cos)
    __kernel_poly                            0x080029c9   Thumb Code   170  poly.o(i.__kernel_poly)
    __kernel_sin                             0x08002a75   Thumb Code   224  sin_i.o(i.__kernel_sin)
    __mathlib_dbl_infnan                     0x08002b61   Thumb Code     6  dunder.o(i.__mathlib_dbl_infnan)
    __mathlib_dbl_invalid                    0x08002b67   Thumb Code    12  dunder.o(i.__mathlib_dbl_invalid)
    __mathlib_dbl_underflow                  0x08002b75   Thumb Code    10  dunder.o(i.__mathlib_dbl_underflow)
    delay_ms                                 0x08002b85   Thumb Code    14  main.o(i.delay_ms)
    display_sine_wave_on_lcd                 0x08002b99   Thumb Code   100  main.o(i.display_sine_wave_on_lcd)
    display_triangle_wave_on_lcd             0x08002c05   Thumb Code    94  main.o(i.display_triangle_wave_on_lcd)
    key_init                                 0x08002c6d   Thumb Code   112  key.o(i.key_init)
    key_scan                                 0x08002ce9   Thumb Code   156  key.o(i.key_scan)
    lcd_clear                                0x08002d91   Thumb Code    94  lcd.o(i.lcd_clear)
    lcd_display_dir                          0x08002dfd   Thumb Code   230  lcd.o(i.lcd_display_dir)
    lcd_draw_point                           0x08002ee9   Thumb Code    64  lcd.o(i.lcd_draw_point)
    lcd_ex_ili9341_reginit                   0x08002f35   Thumb Code  1076  lcd.o(i.lcd_ex_ili9341_reginit)
    lcd_ex_ili9806_reginit                   0x08003369   Thumb Code  1394  lcd.o(i.lcd_ex_ili9806_reginit)
    lcd_ex_nt35310_reginit                   0x080038dd   Thumb Code  4890  lcd.o(i.lcd_ex_nt35310_reginit)
    lcd_ex_nt35510_reginit                   0x08004bf9   Thumb Code  3898  lcd.o(i.lcd_ex_nt35510_reginit)
    lcd_ex_ssd1963_reginit                   0x08005b3d   Thumb Code   700  lcd.o(i.lcd_ex_ssd1963_reginit)
    lcd_ex_st7789_reginit                    0x08005e01   Thumb Code   824  lcd.o(i.lcd_ex_st7789_reginit)
    lcd_ex_st7796_reginit                    0x08006141   Thumb Code   914  lcd.o(i.lcd_ex_st7796_reginit)
    lcd_init                                 0x080064dd   Thumb Code  1070  lcd.o(i.lcd_init)
    lcd_scan_dir                             0x08006985   Thumb Code   758  lcd.o(i.lcd_scan_dir)
    lcd_set_cursor                           0x08006c89   Thumb Code   658  lcd.o(i.lcd_set_cursor)
    lcd_show_char                            0x08006f29   Thumb Code   200  lcd.o(i.lcd_show_char)
    lcd_show_num                             0x08007009   Thumb Code   114  lcd.o(i.lcd_show_num)
    lcd_show_string                          0x0800707b   Thumb Code    86  lcd.o(i.lcd_show_string)
    lcd_ssd_backlight_set                    0x080070d1   Thumb Code   192  lcd.o(i.lcd_ssd_backlight_set)
    lcd_wr_xdata                             0x0800719d   Thumb Code    32  lcd.o(i.lcd_wr_xdata)
    lcd_write_reg                            0x080071c5   Thumb Code    54  lcd.o(i.lcd_write_reg)
    main                                     0x08007205   Thumb Code  1008  main.o(i.main)
    sin                                      0x08007669   Thumb Code   150  sin.o(i.sin)
    __aeabi_d2f                              0x08007709   Thumb Code     0  d2f.o(x$fpl$d2f)
    _d2f                                     0x08007709   Thumb Code    98  d2f.o(x$fpl$d2f)
    __aeabi_dadd                             0x0800776d   Thumb Code     0  daddsub_clz.o(x$fpl$dadd)
    _dadd                                    0x0800776d   Thumb Code   332  daddsub_clz.o(x$fpl$dadd)
    __fpl_dcheck_NaN1                        0x080078bd   Thumb Code    10  dcheck1.o(x$fpl$dcheck1)
    __aeabi_ddiv                             0x080078cd   Thumb Code     0  ddiv.o(x$fpl$ddiv)
    _ddiv                                    0x080078cd   Thumb Code   552  ddiv.o(x$fpl$ddiv)
    __aeabi_d2iz                             0x08007b7d   Thumb Code     0  dfix.o(x$fpl$dfix)
    _dfix                                    0x08007b7d   Thumb Code    94  dfix.o(x$fpl$dfix)
    __aeabi_d2uiz                            0x08007bdd   Thumb Code     0  dfixu.o(x$fpl$dfixu)
    _dfixu                                   0x08007bdd   Thumb Code    90  dfixu.o(x$fpl$dfixu)
    __aeabi_i2d                              0x08007c37   Thumb Code     0  dflt_clz.o(x$fpl$dflt)
    _dflt                                    0x08007c37   Thumb Code    46  dflt_clz.o(x$fpl$dflt)
    __aeabi_ui2d                             0x08007c65   Thumb Code     0  dflt_clz.o(x$fpl$dfltu)
    _dfltu                                   0x08007c65   Thumb Code    38  dflt_clz.o(x$fpl$dfltu)
    __aeabi_dmul                             0x08007c8d   Thumb Code     0  dmul.o(x$fpl$dmul)
    _dmul                                    0x08007c8d   Thumb Code   332  dmul.o(x$fpl$dmul)
    __fpl_dnaninf                            0x08007de1   Thumb Code   156  dnaninf.o(x$fpl$dnaninf)
    __fpl_dretinf                            0x08007e7d   Thumb Code    12  dretinf.o(x$fpl$dretinf)
    __aeabi_drsub                            0x08007e89   Thumb Code     0  daddsub_clz.o(x$fpl$drsb)
    _drsb                                    0x08007e89   Thumb Code    22  daddsub_clz.o(x$fpl$drsb)
    __aeabi_dsub                             0x08007ea1   Thumb Code     0  daddsub_clz.o(x$fpl$dsub)
    _dsub                                    0x08007ea1   Thumb Code   464  daddsub_clz.o(x$fpl$dsub)
    __aeabi_f2d                              0x08008075   Thumb Code     0  f2d.o(x$fpl$f2d)
    _f2d                                     0x08008075   Thumb Code    86  f2d.o(x$fpl$f2d)
    __aeabi_fadd                             0x080080cd   Thumb Code     0  faddsub_clz.o(x$fpl$fadd)
    _fadd                                    0x080080cd   Thumb Code   196  faddsub_clz.o(x$fpl$fadd)
    __aeabi_fdiv                             0x08008191   Thumb Code     0  fdiv.o(x$fpl$fdiv)
    _fdiv                                    0x08008191   Thumb Code   384  fdiv.o(x$fpl$fdiv)
    __aeabi_f2iz                             0x08008315   Thumb Code     0  ffix.o(x$fpl$ffix)
    _ffix                                    0x08008315   Thumb Code    54  ffix.o(x$fpl$ffix)
    __aeabi_f2uiz                            0x0800834d   Thumb Code     0  ffixu.o(x$fpl$ffixu)
    _ffixu                                   0x0800834d   Thumb Code    62  ffixu.o(x$fpl$ffixu)
    __aeabi_i2f                              0x0800838d   Thumb Code     0  fflt_clz.o(x$fpl$fflt)
    _fflt                                    0x0800838d   Thumb Code    48  fflt_clz.o(x$fpl$fflt)
    __aeabi_ui2f                             0x080083bd   Thumb Code     0  fflt_clz.o(x$fpl$ffltu)
    _ffltu                                   0x080083bd   Thumb Code    38  fflt_clz.o(x$fpl$ffltu)
    __aeabi_fmul                             0x080083e5   Thumb Code     0  fmul.o(x$fpl$fmul)
    _fmul                                    0x080083e5   Thumb Code   258  fmul.o(x$fpl$fmul)
    __fpl_fnaninf                            0x080084e7   Thumb Code   140  fnaninf.o(x$fpl$fnaninf)
    __fpl_fretinf                            0x08008573   Thumb Code    10  fretinf.o(x$fpl$fretinf)
    __aeabi_frsub                            0x0800857d   Thumb Code     0  faddsub_clz.o(x$fpl$frsb)
    _frsb                                    0x0800857d   Thumb Code    20  faddsub_clz.o(x$fpl$frsb)
    __aeabi_fsub                             0x08008591   Thumb Code     0  faddsub_clz.o(x$fpl$fsub)
    _fsub                                    0x08008591   Thumb Code   234  faddsub_clz.o(x$fpl$fsub)
    __fpl_return_NaN                         0x0800867b   Thumb Code   100  retnan.o(x$fpl$retnan)
    __ARM_scalbn                             0x080086df   Thumb Code    92  scalbn.o(x$fpl$scalbn)
    __fpl_cmpreturn                          0x0800873b   Thumb Code    48  trapv.o(x$fpl$trapveneer)
    __I$use$fp                               0x0800876a   Number         0  usenofp.o(x$fpl$usenofp)
    AHBPrescTable                            0x0800877c   Data          16  system_stm32f1xx.o(.constdata)
    APBPrescTable                            0x0800878c   Data           8  system_stm32f1xx.o(.constdata)
    asc2_1206                                0x08008794   Data        1140  lcd.o(.constdata)
    asc2_1608                                0x08008c08   Data        1520  lcd.o(.constdata)
    asc2_2412                                0x080091f8   Data        3420  lcd.o(.constdata)
    asc2_3216                                0x08009f54   Data        6080  lcd.o(.constdata)
    CN_1616                                  0x0800b714   Data         192  lcd.o(.constdata)
    CN_2424                                  0x0800b7d4   Data         720  lcd.o(.constdata)
    CN_3232                                  0x0800baa4   Data        1280  lcd.o(.constdata)
    Region$$Table$$Base                      0x0800c0c8   Number         0  anon$$obj.o(Region$$Table)
    Region$$Table$$Limit                     0x0800c0e8   Number         0  anon$$obj.o(Region$$Table)
    Uart1_Rx_Cnt                             0x20000000   Data           1  main.o(.data)
    LED_Flag                                 0x20000001   Data           1  main.o(.data)
    key                                      0x20000002   Data           1  main.o(.data)
    pulse                                    0x20000003   Data           1  main.o(.data)
    aRxBuffer                                0x20000004   Data           1  main.o(.data)
    N_POINTS                                 0x20000006   Data           2  main.o(.data)
    ARR                                      0x20000008   Data           4  main.o(.data)
    VMaxRange                                0x2000000c   Data           4  main.o(.data)
    currentFrequency                         0x20000010   Data           4  main.o(.data)
    uwTickFreq                               0x20000014   Data           1  stm32f1xx_hal.o(.data)
    uwTickPrio                               0x20000018   Data           4  stm32f1xx_hal.o(.data)
    uwTick                                   0x2000001c   Data           4  stm32f1xx_hal.o(.data)
    SystemCoreClock                          0x20000020   Data           4  system_stm32f1xx.o(.data)
    g_back_color                             0x20000024   Data           4  lcd.o(.data)
    SinWaveTable                             0x2000002c   Data         600  main.o(.bss)
    TriangleWaveTable                        0x20000284   Data         600  main.o(.bss)
    RxBuffer                                 0x200004dc   Data         256  main.o(.bss)
    hdac                                     0x200005dc   Data          20  dac.o(.bss)
    hdma_dac_ch2                             0x200005f0   Data          68  dac.o(.bss)
    htim2                                    0x20000634   Data          72  tim.o(.bss)
    htim6                                    0x2000067c   Data          72  tim.o(.bss)
    huart1                                   0x200006c4   Data          72  usart.o(.bss)
    lcddev                                   0x2000070c   Data          14  lcd.o(.bss)
    __libspace_start                         0x2000071c   Data          96  libspace.o(.bss)
    __temporary_stack_top$libspace           0x2000077c   Data           0  libspace.o(.bss)



==============================================================================

Memory Map of the image

  Image Entry point : 0x08000131

  Load Region LR_IROM1 (Base: 0x08000000, Size: 0x0000c114, Max: 0x00040000, ABSOLUTE)

    Execution Region ER_IROM1 (Exec base: 0x08000000, Load base: 0x08000000, Size: 0x0000c0e8, Max: 0x00040000, ABSOLUTE)

    Exec Addr    Load Addr    Size         Type   Attr      Idx    E Section Name        Object

    0x08000000   0x08000000   0x00000130   Data   RO            3    RESET               startup_stm32f103xe.o
    0x08000130   0x08000130   0x00000008   Code   RO         3503  * !!!main             c_w.l(__main.o)
    0x08000138   0x08000138   0x00000034   Code   RO         3783    !!!scatter          c_w.l(__scatter.o)
    0x0800016c   0x0800016c   0x0000001a   Code   RO         3785    !!handler_copy      c_w.l(__scatter_copy.o)
    0x08000186   0x08000186   0x00000002   PAD
    0x08000188   0x08000188   0x0000001c   Code   RO         3787    !!handler_zi        c_w.l(__scatter_zi.o)
    0x080001a4   0x080001a4   0x00000002   Code   RO         3655    .ARM.Collect$$libinit$$00000000  c_w.l(libinit.o)
    0x080001a6   0x080001a6   0x00000000   Code   RO         3661    .ARM.Collect$$libinit$$00000002  c_w.l(libinit2.o)
    0x080001a6   0x080001a6   0x00000000   Code   RO         3663    .ARM.Collect$$libinit$$00000004  c_w.l(libinit2.o)
    0x080001a6   0x080001a6   0x00000000   Code   RO         3666    .ARM.Collect$$libinit$$0000000A  c_w.l(libinit2.o)
    0x080001a6   0x080001a6   0x00000000   Code   RO         3668    .ARM.Collect$$libinit$$0000000C  c_w.l(libinit2.o)
    0x080001a6   0x080001a6   0x00000000   Code   RO         3670    .ARM.Collect$$libinit$$0000000E  c_w.l(libinit2.o)
    0x080001a6   0x080001a6   0x00000000   Code   RO         3673    .ARM.Collect$$libinit$$00000011  c_w.l(libinit2.o)
    0x080001a6   0x080001a6   0x00000000   Code   RO         3675    .ARM.Collect$$libinit$$00000013  c_w.l(libinit2.o)
    0x080001a6   0x080001a6   0x00000000   Code   RO         3677    .ARM.Collect$$libinit$$00000015  c_w.l(libinit2.o)
    0x080001a6   0x080001a6   0x00000000   Code   RO         3679    .ARM.Collect$$libinit$$00000017  c_w.l(libinit2.o)
    0x080001a6   0x080001a6   0x00000000   Code   RO         3681    .ARM.Collect$$libinit$$00000019  c_w.l(libinit2.o)
    0x080001a6   0x080001a6   0x00000000   Code   RO         3683    .ARM.Collect$$libinit$$0000001B  c_w.l(libinit2.o)
    0x080001a6   0x080001a6   0x00000000   Code   RO         3685    .ARM.Collect$$libinit$$0000001D  c_w.l(libinit2.o)
    0x080001a6   0x080001a6   0x00000000   Code   RO         3687    .ARM.Collect$$libinit$$0000001F  c_w.l(libinit2.o)
    0x080001a6   0x080001a6   0x00000000   Code   RO         3689    .ARM.Collect$$libinit$$00000021  c_w.l(libinit2.o)
    0x080001a6   0x080001a6   0x00000000   Code   RO         3691    .ARM.Collect$$libinit$$00000023  c_w.l(libinit2.o)
    0x080001a6   0x080001a6   0x00000000   Code   RO         3693    .ARM.Collect$$libinit$$00000025  c_w.l(libinit2.o)
    0x080001a6   0x080001a6   0x00000000   Code   RO         3697    .ARM.Collect$$libinit$$0000002C  c_w.l(libinit2.o)
    0x080001a6   0x080001a6   0x00000000   Code   RO         3699    .ARM.Collect$$libinit$$0000002E  c_w.l(libinit2.o)
    0x080001a6   0x080001a6   0x00000000   Code   RO         3701    .ARM.Collect$$libinit$$00000030  c_w.l(libinit2.o)
    0x080001a6   0x080001a6   0x00000000   Code   RO         3703    .ARM.Collect$$libinit$$00000032  c_w.l(libinit2.o)
    0x080001a6   0x080001a6   0x00000002   Code   RO         3704    .ARM.Collect$$libinit$$00000033  c_w.l(libinit2.o)
    0x080001a8   0x080001a8   0x00000002   Code   RO         3724    .ARM.Collect$$libshutdown$$00000000  c_w.l(libshutdown.o)
    0x080001aa   0x080001aa   0x00000000   Code   RO         3738    .ARM.Collect$$libshutdown$$00000003  c_w.l(libshutdown2.o)
    0x080001aa   0x080001aa   0x00000000   Code   RO         3741    .ARM.Collect$$libshutdown$$00000006  c_w.l(libshutdown2.o)
    0x080001aa   0x080001aa   0x00000000   Code   RO         3744    .ARM.Collect$$libshutdown$$00000009  c_w.l(libshutdown2.o)
    0x080001aa   0x080001aa   0x00000000   Code   RO         3746    .ARM.Collect$$libshutdown$$0000000B  c_w.l(libshutdown2.o)
    0x080001aa   0x080001aa   0x00000000   Code   RO         3749    .ARM.Collect$$libshutdown$$0000000E  c_w.l(libshutdown2.o)
    0x080001aa   0x080001aa   0x00000002   Code   RO         3750    .ARM.Collect$$libshutdown$$0000000F  c_w.l(libshutdown2.o)
    0x080001ac   0x080001ac   0x00000000   Code   RO         3569    .ARM.Collect$$rtentry$$00000000  c_w.l(__rtentry.o)
    0x080001ac   0x080001ac   0x00000000   Code   RO         3614    .ARM.Collect$$rtentry$$00000002  c_w.l(__rtentry2.o)
    0x080001ac   0x080001ac   0x00000006   Code   RO         3626    .ARM.Collect$$rtentry$$00000004  c_w.l(__rtentry4.o)
    0x080001b2   0x080001b2   0x00000000   Code   RO         3616    .ARM.Collect$$rtentry$$00000009  c_w.l(__rtentry2.o)
    0x080001b2   0x080001b2   0x00000004   Code   RO         3617    .ARM.Collect$$rtentry$$0000000A  c_w.l(__rtentry2.o)
    0x080001b6   0x080001b6   0x00000000   Code   RO         3619    .ARM.Collect$$rtentry$$0000000C  c_w.l(__rtentry2.o)
    0x080001b6   0x080001b6   0x00000008   Code   RO         3620    .ARM.Collect$$rtentry$$0000000D  c_w.l(__rtentry2.o)
    0x080001be   0x080001be   0x00000002   Code   RO         3658    .ARM.Collect$$rtexit$$00000000  c_w.l(rtexit.o)
    0x080001c0   0x080001c0   0x00000000   Code   RO         3706    .ARM.Collect$$rtexit$$00000002  c_w.l(rtexit2.o)
    0x080001c0   0x080001c0   0x00000004   Code   RO         3707    .ARM.Collect$$rtexit$$00000003  c_w.l(rtexit2.o)
    0x080001c4   0x080001c4   0x00000006   Code   RO         3708    .ARM.Collect$$rtexit$$00000004  c_w.l(rtexit2.o)
    0x080001ca   0x080001ca   0x00000002   PAD
    0x080001cc   0x080001cc   0x00000040   Code   RO            4    .text               startup_stm32f103xe.o
    0x0800020c   0x0800020c   0x00000096   Code   RO         3495    .text               c_w.l(strncmp.o)
    0x080002a2   0x080002a2   0x00000044   Code   RO         3497    .text               c_w.l(rt_memclr.o)
    0x080002e6   0x080002e6   0x0000004e   Code   RO         3499    .text               c_w.l(rt_memclr_w.o)
    0x08000334   0x08000334   0x00000006   Code   RO         3501    .text               c_w.l(heapauxi.o)
    0x0800033a   0x0800033a   0x00000016   Code   RO         3570    .text               c_w.l(_rserrno.o)
    0x08000350   0x08000350   0x00000008   Code   RO         3631    .text               c_w.l(rt_errno_addr_intlibspace.o)
    0x08000358   0x08000358   0x00000008   Code   RO         3643    .text               c_w.l(libspace.o)
    0x08000360   0x08000360   0x0000004a   Code   RO         3646    .text               c_w.l(sys_stackheap_outer.o)
    0x080003aa   0x080003aa   0x0000000c   Code   RO         3648    .text               c_w.l(exit.o)
    0x080003b6   0x080003b6   0x00000002   PAD
    0x080003b8   0x080003b8   0x0000000c   Code   RO         3716    .text               c_w.l(sys_exit.o)
    0x080003c4   0x080003c4   0x00000002   Code   RO         3727    .text               c_w.l(use_no_semi.o)
    0x080003c6   0x080003c6   0x00000000   Code   RO         3729    .text               c_w.l(indicate_semi.o)
    0x080003c6   0x080003c6   0x00000002   Code   RO          432    i.BusFault_Handler  stm32f1xx_it.o
    0x080003c8   0x080003c8   0x00000010   Code   RO          616    i.DAC_DMAConvCpltCh1  stm32f1xx_hal_dac.o
    0x080003d8   0x080003d8   0x00000010   Code   RO          760    i.DAC_DMAConvCpltCh2  stm32f1xx_hal_dac_ex.o
    0x080003e8   0x080003e8   0x00000018   Code   RO          617    i.DAC_DMAErrorCh1   stm32f1xx_hal_dac.o
    0x08000400   0x08000400   0x00000018   Code   RO          761    i.DAC_DMAErrorCh2   stm32f1xx_hal_dac_ex.o
    0x08000418   0x08000418   0x0000000a   Code   RO          618    i.DAC_DMAHalfConvCpltCh1  stm32f1xx_hal_dac.o
    0x08000422   0x08000422   0x0000000a   Code   RO          762    i.DAC_DMAHalfConvCpltCh2  stm32f1xx_hal_dac_ex.o
    0x0800042c   0x0800042c   0x0000000c   Code   RO          433    i.DMA2_Channel4_5_IRQHandler  stm32f1xx_it.o
    0x08000438   0x08000438   0x0000002a   Code   RO         1236    i.DMA_SetConfig     stm32f1xx_hal_dma.o
    0x08000462   0x08000462   0x00000002   Code   RO          434    i.DebugMon_Handler  stm32f1xx_it.o
    0x08000464   0x08000464   0x000000e8   Code   RO           13    i.Display_SquareWave  main.o
    0x0800054c   0x0800054c   0x00000004   Code   RO           14    i.Error_Handler     main.o
    0x08000550   0x08000550   0x00000002   Code   RO          763    i.HAL_DACEx_ConvCpltCallbackCh2  stm32f1xx_hal_dac_ex.o
    0x08000552   0x08000552   0x00000002   Code   RO          764    i.HAL_DACEx_ConvHalfCpltCallbackCh2  stm32f1xx_hal_dac_ex.o
    0x08000554   0x08000554   0x00000002   Code   RO          770    i.HAL_DACEx_ErrorCallbackCh2  stm32f1xx_hal_dac_ex.o
    0x08000556   0x08000556   0x0000004e   Code   RO          619    i.HAL_DAC_ConfigChannel  stm32f1xx_hal_dac.o
    0x080005a4   0x080005a4   0x00000002   Code   RO          620    i.HAL_DAC_ConvCpltCallbackCh1  stm32f1xx_hal_dac.o
    0x080005a6   0x080005a6   0x00000002   Code   RO          621    i.HAL_DAC_ConvHalfCpltCallbackCh1  stm32f1xx_hal_dac.o
    0x080005a8   0x080005a8   0x00000002   Code   RO          624    i.HAL_DAC_ErrorCallbackCh1  stm32f1xx_hal_dac.o
    0x080005aa   0x080005aa   0x00000028   Code   RO          629    i.HAL_DAC_Init      stm32f1xx_hal_dac.o
    0x080005d2   0x080005d2   0x00000002   PAD
    0x080005d4   0x080005d4   0x00000090   Code   RO          253    i.HAL_DAC_MspInit   dac.o
    0x08000664   0x08000664   0x000000cc   Code   RO          634    i.HAL_DAC_Start_DMA  stm32f1xx_hal_dac.o
    0x08000730   0x08000730   0x0000003e   Code   RO          636    i.HAL_DAC_Stop_DMA  stm32f1xx_hal_dac.o
    0x0800076e   0x0800076e   0x00000046   Code   RO         1237    i.HAL_DMA_Abort     stm32f1xx_hal_dma.o
    0x080007b4   0x080007b4   0x00000130   Code   RO         1238    i.HAL_DMA_Abort_IT  stm32f1xx_hal_dma.o
    0x080008e4   0x080008e4   0x00000248   Code   RO         1242    i.HAL_DMA_IRQHandler  stm32f1xx_hal_dma.o
    0x08000b2c   0x08000b2c   0x0000007c   Code   RO         1243    i.HAL_DMA_Init      stm32f1xx_hal_dma.o
    0x08000ba8   0x08000ba8   0x00000070   Code   RO         1247    i.HAL_DMA_Start_IT  stm32f1xx_hal_dma.o
    0x08000c18   0x08000c18   0x000001f8   Code   RO         1173    i.HAL_GPIO_Init     stm32f1xx_hal_gpio.o
    0x08000e10   0x08000e10   0x0000000a   Code   RO         1175    i.HAL_GPIO_ReadPin  stm32f1xx_hal_gpio.o
    0x08000e1a   0x08000e1a   0x0000000a   Code   RO         1177    i.HAL_GPIO_WritePin  stm32f1xx_hal_gpio.o
    0x08000e24   0x08000e24   0x0000000c   Code   RO          867    i.HAL_GetTick       stm32f1xx_hal.o
    0x08000e30   0x08000e30   0x00000010   Code   RO          873    i.HAL_IncTick       stm32f1xx_hal.o
    0x08000e40   0x08000e40   0x00000024   Code   RO          874    i.HAL_Init          stm32f1xx_hal.o
    0x08000e64   0x08000e64   0x00000040   Code   RO          875    i.HAL_InitTick      stm32f1xx_hal.o
    0x08000ea4   0x08000ea4   0x0000003c   Code   RO          520    i.HAL_MspInit       stm32f1xx_hal_msp.o
    0x08000ee0   0x08000ee0   0x0000001a   Code   RO         1333    i.HAL_NVIC_EnableIRQ  stm32f1xx_hal_cortex.o
    0x08000efa   0x08000efa   0x00000002   PAD
    0x08000efc   0x08000efc   0x00000040   Code   RO         1339    i.HAL_NVIC_SetPriority  stm32f1xx_hal_cortex.o
    0x08000f3c   0x08000f3c   0x00000024   Code   RO         1340    i.HAL_NVIC_SetPriorityGrouping  stm32f1xx_hal_cortex.o
    0x08000f60   0x08000f60   0x0000012c   Code   RO         1031    i.HAL_RCC_ClockConfig  stm32f1xx_hal_rcc.o
    0x0800108c   0x0800108c   0x00000020   Code   RO         1038    i.HAL_RCC_GetPCLK1Freq  stm32f1xx_hal_rcc.o
    0x080010ac   0x080010ac   0x00000020   Code   RO         1039    i.HAL_RCC_GetPCLK2Freq  stm32f1xx_hal_rcc.o
    0x080010cc   0x080010cc   0x0000004c   Code   RO         1040    i.HAL_RCC_GetSysClockFreq  stm32f1xx_hal_rcc.o
    0x08001118   0x08001118   0x00000320   Code   RO         1043    i.HAL_RCC_OscConfig  stm32f1xx_hal_rcc.o
    0x08001438   0x08001438   0x00000028   Code   RO         1344    i.HAL_SYSTICK_Config  stm32f1xx_hal_cortex.o
    0x08001460   0x08001460   0x0000007c   Code   RO         2558    i.HAL_TIMEx_MasterConfigSynchronization  stm32f1xx_hal_tim_ex.o
    0x080014dc   0x080014dc   0x0000005a   Code   RO         1835    i.HAL_TIM_Base_Init  stm32f1xx_hal_tim.o
    0x08001536   0x08001536   0x00000002   PAD
    0x08001538   0x08001538   0x00000028   Code   RO          319    i.HAL_TIM_Base_MspInit  tim.o
    0x08001560   0x08001560   0x00000064   Code   RO         1838    i.HAL_TIM_Base_Start  stm32f1xx_hal_tim.o
    0x080015c4   0x080015c4   0x00000044   Code   RO          320    i.HAL_TIM_MspPostInit  tim.o
    0x08001608   0x08001608   0x000000cc   Code   RO         1907    i.HAL_TIM_PWM_ConfigChannel  stm32f1xx_hal_tim.o
    0x080016d4   0x080016d4   0x0000005a   Code   RO         1910    i.HAL_TIM_PWM_Init  stm32f1xx_hal_tim.o
    0x0800172e   0x0800172e   0x00000002   PAD
    0x08001730   0x08001730   0x00000024   Code   RO          322    i.HAL_TIM_PWM_MspInit  tim.o
    0x08001754   0x08001754   0x000000b4   Code   RO         1915    i.HAL_TIM_PWM_Start  stm32f1xx_hal_tim.o
    0x08001808   0x08001808   0x00000002   Code   RO         2818    i.HAL_UARTEx_RxEventCallback  stm32f1xx_hal_uart.o
    0x0800180a   0x0800180a   0x00000002   Code   RO         2832    i.HAL_UART_ErrorCallback  stm32f1xx_hal_uart.o
    0x0800180c   0x0800180c   0x0000026c   Code   RO         2835    i.HAL_UART_IRQHandler  stm32f1xx_hal_uart.o
    0x08001a78   0x08001a78   0x00000064   Code   RO         2836    i.HAL_UART_Init     stm32f1xx_hal_uart.o
    0x08001adc   0x08001adc   0x00000080   Code   RO          385    i.HAL_UART_MspInit  usart.o
    0x08001b5c   0x08001b5c   0x0000001c   Code   RO         2841    i.HAL_UART_Receive_IT  stm32f1xx_hal_uart.o
    0x08001b78   0x08001b78   0x000000e0   Code   RO           15    i.HAL_UART_RxCpltCallback  main.o
    0x08001c58   0x08001c58   0x0000009a   Code   RO         2844    i.HAL_UART_Transmit  stm32f1xx_hal_uart.o
    0x08001cf2   0x08001cf2   0x00000002   Code   RO         2847    i.HAL_UART_TxCpltCallback  stm32f1xx_hal_uart.o
    0x08001cf4   0x08001cf4   0x00000002   Code   RO          435    i.HardFault_Handler  stm32f1xx_it.o
    0x08001cf6   0x08001cf6   0x00000002   PAD
    0x08001cf8   0x08001cf8   0x00000040   Code   RO          254    i.MX_DAC_Init       dac.o
    0x08001d38   0x08001d38   0x0000002c   Code   RO          294    i.MX_DMA_Init       dma.o
    0x08001d64   0x08001d64   0x0000006c   Code   RO          228    i.MX_GPIO_Init      gpio.o
    0x08001dd0   0x08001dd0   0x00000070   Code   RO          323    i.MX_TIM2_Init      tim.o
    0x08001e40   0x08001e40   0x00000044   Code   RO          324    i.MX_TIM6_Init      tim.o
    0x08001e84   0x08001e84   0x00000038   Code   RO          386    i.MX_USART1_UART_Init  usart.o
    0x08001ebc   0x08001ebc   0x00000002   Code   RO          436    i.MemManage_Handler  stm32f1xx_it.o
    0x08001ebe   0x08001ebe   0x00000002   Code   RO          437    i.NMI_Handler       stm32f1xx_it.o
    0x08001ec0   0x08001ec0   0x00000002   Code   RO          438    i.PendSV_Handler    stm32f1xx_it.o
    0x08001ec2   0x08001ec2   0x00000002   Code   RO          439    i.SVC_Handler       stm32f1xx_it.o
    0x08001ec4   0x08001ec4   0x00000090   Code   RO           16    i.SineWaveGen       main.o
    0x08001f54   0x08001f54   0x00000004   Code   RO          440    i.SysTick_Handler   stm32f1xx_it.o
    0x08001f58   0x08001f58   0x0000005e   Code   RO           17    i.SystemClock_Config  main.o
    0x08001fb6   0x08001fb6   0x00000002   Code   RO         3170    i.SystemInit        system_stm32f1xx.o
    0x08001fb8   0x08001fb8   0x0000008c   Code   RO         1928    i.TIM_Base_SetConfig  stm32f1xx_hal_tim.o
    0x08002044   0x08002044   0x0000001a   Code   RO         1929    i.TIM_CCxChannelCmd  stm32f1xx_hal_tim.o
    0x0800205e   0x0800205e   0x00000002   PAD
    0x08002060   0x08002060   0x00000060   Code   RO         1941    i.TIM_OC1_SetConfig  stm32f1xx_hal_tim.o
    0x080020c0   0x080020c0   0x0000006c   Code   RO         1942    i.TIM_OC2_SetConfig  stm32f1xx_hal_tim.o
    0x0800212c   0x0800212c   0x00000068   Code   RO         1943    i.TIM_OC3_SetConfig  stm32f1xx_hal_tim.o
    0x08002194   0x08002194   0x00000050   Code   RO         1944    i.TIM_OC4_SetConfig  stm32f1xx_hal_tim.o
    0x080021e4   0x080021e4   0x00000080   Code   RO           18    i.TriangleWaveGen   main.o
    0x08002264   0x08002264   0x00000010   Code   RO         2849    i.UART_DMAAbortOnError  stm32f1xx_hal_uart.o
    0x08002274   0x08002274   0x0000004e   Code   RO         2859    i.UART_EndRxTransfer  stm32f1xx_hal_uart.o
    0x080022c2   0x080022c2   0x000000c2   Code   RO         2861    i.UART_Receive_IT   stm32f1xx_hal_uart.o
    0x08002384   0x08002384   0x000000b8   Code   RO         2862    i.UART_SetConfig    stm32f1xx_hal_uart.o
    0x0800243c   0x0800243c   0x00000036   Code   RO         2864    i.UART_Start_Receive_IT  stm32f1xx_hal_uart.o
    0x08002472   0x08002472   0x00000078   Code   RO         2865    i.UART_WaitOnFlagUntilTimeout  stm32f1xx_hal_uart.o
    0x080024ea   0x080024ea   0x00000002   PAD
    0x080024ec   0x080024ec   0x0000000c   Code   RO          441    i.USART1_IRQHandler  stm32f1xx_it.o
    0x080024f8   0x080024f8   0x00000002   Code   RO          442    i.UsageFault_Handler  stm32f1xx_it.o
    0x080024fa   0x080024fa   0x00000028   Code   RO         3639    i.__ARM_fpclassify  m_ws.l(fpclassify.o)
    0x08002522   0x08002522   0x00000020   Code   RO         1346    i.__NVIC_SetPriority  stm32f1xx_hal_cortex.o
    0x08002542   0x08002542   0x00000002   PAD
    0x08002544   0x08002544   0x00000388   Code   RO         3602    i.__ieee754_rem_pio2  m_ws.l(rred.o)
    0x080028cc   0x080028cc   0x000000fc   Code   RO         3585    i.__kernel_cos      m_ws.l(cos_i.o)
    0x080029c8   0x080029c8   0x000000aa   Code   RO         3641    i.__kernel_poly     m_ws.l(poly.o)
    0x08002a72   0x08002a72   0x00000002   PAD
    0x08002a74   0x08002a74   0x000000ec   Code   RO         3607    i.__kernel_sin      m_ws.l(sin_i.o)
    0x08002b60   0x08002b60   0x00000006   Code   RO         3589    i.__mathlib_dbl_infnan  m_ws.l(dunder.o)
    0x08002b66   0x08002b66   0x0000000c   Code   RO         3591    i.__mathlib_dbl_invalid  m_ws.l(dunder.o)
    0x08002b72   0x08002b72   0x00000002   PAD
    0x08002b74   0x08002b74   0x00000010   Code   RO         3594    i.__mathlib_dbl_underflow  m_ws.l(dunder.o)
    0x08002b84   0x08002b84   0x00000014   Code   RO           19    i.delay_ms          main.o
    0x08002b98   0x08002b98   0x0000006c   Code   RO           20    i.display_sine_wave_on_lcd  main.o
    0x08002c04   0x08002c04   0x00000068   Code   RO           21    i.display_triangle_wave_on_lcd  main.o
    0x08002c6c   0x08002c6c   0x0000007c   Code   RO         3463    i.key_init          key.o
    0x08002ce8   0x08002ce8   0x000000a8   Code   RO         3464    i.key_scan          key.o
    0x08002d90   0x08002d90   0x0000006c   Code   RO         3207    i.lcd_clear         lcd.o
    0x08002dfc   0x08002dfc   0x000000ec   Code   RO         3209    i.lcd_display_dir   lcd.o
    0x08002ee8   0x08002ee8   0x0000004c   Code   RO         3215    i.lcd_draw_point    lcd.o
    0x08002f34   0x08002f34   0x00000434   Code   RO         3217    i.lcd_ex_ili9341_reginit  lcd.o
    0x08003368   0x08003368   0x00000572   Code   RO         3218    i.lcd_ex_ili9806_reginit  lcd.o
    0x080038da   0x080038da   0x00000002   PAD
    0x080038dc   0x080038dc   0x0000131a   Code   RO         3219    i.lcd_ex_nt35310_reginit  lcd.o
    0x08004bf6   0x08004bf6   0x00000002   PAD
    0x08004bf8   0x08004bf8   0x00000f44   Code   RO         3220    i.lcd_ex_nt35510_reginit  lcd.o
    0x08005b3c   0x08005b3c   0x000002c4   Code   RO         3221    i.lcd_ex_ssd1963_reginit  lcd.o
    0x08005e00   0x08005e00   0x00000340   Code   RO         3222    i.lcd_ex_st7789_reginit  lcd.o
    0x08006140   0x08006140   0x0000039c   Code   RO         3223    i.lcd_ex_st7796_reginit  lcd.o
    0x080064dc   0x080064dc   0x0000042e   Code   RO         3226    i.lcd_init          lcd.o
    0x0800690a   0x0800690a   0x00000010   Code   RO         3227    i.lcd_pow           lcd.o
    0x0800691a   0x0800691a   0x00000002   PAD
    0x0800691c   0x0800691c   0x00000068   Code   RO         3228    i.lcd_rd_data       lcd.o
    0x08006984   0x08006984   0x00000304   Code   RO         3230    i.lcd_scan_dir      lcd.o
    0x08006c88   0x08006c88   0x000002a0   Code   RO         3231    i.lcd_set_cursor    lcd.o
    0x08006f28   0x08006f28   0x000000e0   Code   RO         3234    i.lcd_show_char     lcd.o
    0x08007008   0x08007008   0x00000072   Code   RO         3235    i.lcd_show_num      lcd.o
    0x0800707a   0x0800707a   0x00000056   Code   RO         3236    i.lcd_show_string   lcd.o
    0x080070d0   0x080070d0   0x000000cc   Code   RO         3238    i.lcd_ssd_backlight_set  lcd.o
    0x0800719c   0x0800719c   0x00000028   Code   RO         3239    i.lcd_wr_xdata      lcd.o
    0x080071c4   0x080071c4   0x00000040   Code   RO         3240    i.lcd_write_reg     lcd.o
    0x08007204   0x08007204   0x00000464   Code   RO           22    i.main              main.o
    0x08007668   0x08007668   0x000000a0   Code   RO         3562    i.sin               m_ws.l(sin.o)
    0x08007708   0x08007708   0x00000062   Code   RO         3505    x$fpl$d2f           fz_ws.l(d2f.o)
    0x0800776a   0x0800776a   0x00000002   PAD
    0x0800776c   0x0800776c   0x00000150   Code   RO         3507    x$fpl$dadd          fz_ws.l(daddsub_clz.o)
    0x080078bc   0x080078bc   0x00000010   Code   RO         3572    x$fpl$dcheck1       fz_ws.l(dcheck1.o)
    0x080078cc   0x080078cc   0x000002b0   Code   RO         3514    x$fpl$ddiv          fz_ws.l(ddiv.o)
    0x08007b7c   0x08007b7c   0x0000005e   Code   RO         3633    x$fpl$dfix          fz_ws.l(dfix.o)
    0x08007bda   0x08007bda   0x00000002   PAD
    0x08007bdc   0x08007bdc   0x0000005a   Code   RO         3517    x$fpl$dfixu         fz_ws.l(dfixu.o)
    0x08007c36   0x08007c36   0x0000002e   Code   RO         3522    x$fpl$dflt          fz_ws.l(dflt_clz.o)
    0x08007c64   0x08007c64   0x00000026   Code   RO         3521    x$fpl$dfltu         fz_ws.l(dflt_clz.o)
    0x08007c8a   0x08007c8a   0x00000002   PAD
    0x08007c8c   0x08007c8c   0x00000154   Code   RO         3529    x$fpl$dmul          fz_ws.l(dmul.o)
    0x08007de0   0x08007de0   0x0000009c   Code   RO         3576    x$fpl$dnaninf       fz_ws.l(dnaninf.o)
    0x08007e7c   0x08007e7c   0x0000000c   Code   RO         3578    x$fpl$dretinf       fz_ws.l(dretinf.o)
    0x08007e88   0x08007e88   0x00000016   Code   RO         3508    x$fpl$drsb          fz_ws.l(daddsub_clz.o)
    0x08007e9e   0x08007e9e   0x00000002   PAD
    0x08007ea0   0x08007ea0   0x000001d4   Code   RO         3509    x$fpl$dsub          fz_ws.l(daddsub_clz.o)
    0x08008074   0x08008074   0x00000056   Code   RO         3531    x$fpl$f2d           fz_ws.l(f2d.o)
    0x080080ca   0x080080ca   0x00000002   PAD
    0x080080cc   0x080080cc   0x000000c4   Code   RO         3533    x$fpl$fadd          fz_ws.l(faddsub_clz.o)
    0x08008190   0x08008190   0x00000184   Code   RO         3540    x$fpl$fdiv          fz_ws.l(fdiv.o)
    0x08008314   0x08008314   0x00000036   Code   RO         3543    x$fpl$ffix          fz_ws.l(ffix.o)
    0x0800834a   0x0800834a   0x00000002   PAD
    0x0800834c   0x0800834c   0x0000003e   Code   RO         3547    x$fpl$ffixu         fz_ws.l(ffixu.o)
    0x0800838a   0x0800838a   0x00000002   PAD
    0x0800838c   0x0800838c   0x00000030   Code   RO         3552    x$fpl$fflt          fz_ws.l(fflt_clz.o)
    0x080083bc   0x080083bc   0x00000026   Code   RO         3551    x$fpl$ffltu         fz_ws.l(fflt_clz.o)
    0x080083e2   0x080083e2   0x00000002   PAD
    0x080083e4   0x080083e4   0x00000102   Code   RO         3557    x$fpl$fmul          fz_ws.l(fmul.o)
    0x080084e6   0x080084e6   0x0000008c   Code   RO         3580    x$fpl$fnaninf       fz_ws.l(fnaninf.o)
    0x08008572   0x08008572   0x0000000a   Code   RO         3582    x$fpl$fretinf       fz_ws.l(fretinf.o)
    0x0800857c   0x0800857c   0x00000014   Code   RO         3534    x$fpl$frsb          fz_ws.l(faddsub_clz.o)
    0x08008590   0x08008590   0x000000ea   Code   RO         3535    x$fpl$fsub          fz_ws.l(faddsub_clz.o)
    0x0800867a   0x0800867a   0x00000064   Code   RO         3637    x$fpl$retnan        fz_ws.l(retnan.o)
    0x080086de   0x080086de   0x0000005c   Code   RO         3559    x$fpl$scalbn        fz_ws.l(scalbn.o)
    0x0800873a   0x0800873a   0x00000030   Code   RO         3656    x$fpl$trapveneer    fz_ws.l(trapv.o)
    0x0800876a   0x0800876a   0x00000000   Code   RO         3584    x$fpl$usenofp       fz_ws.l(usenofp.o)
    0x0800876a   0x0800876a   0x00000012   Data   RO         1044    .constdata          stm32f1xx_hal_rcc.o
    0x0800877c   0x0800877c   0x00000010   Data   RO         3171    .constdata          system_stm32f1xx.o
    0x0800878c   0x0800878c   0x00000008   Data   RO         3172    .constdata          system_stm32f1xx.o
    0x08008794   0x08008794   0x00003810   Data   RO         3242    .constdata          lcd.o
    0x0800bfa4   0x0800bfa4   0x00000004   PAD
    0x0800bfa8   0x0800bfa8   0x00000030   Data   RO         3586    .constdata          m_ws.l(cos_i.o)
    0x0800bfd8   0x0800bfd8   0x000000c8   Data   RO         3604    .constdata          m_ws.l(rred.o)
    0x0800c0a0   0x0800c0a0   0x00000028   Data   RO         3608    .constdata          m_ws.l(sin_i.o)
    0x0800c0c8   0x0800c0c8   0x00000020   Data   RO         3781    Region$$Table       anon$$obj.o


    Execution Region RW_IRAM1 (Exec base: 0x20000000, Load base: 0x0800c0e8, Size: 0x00000d80, Max: 0x0000c000, ABSOLUTE)

    Exec Addr    Load Addr    Size         Type   Attr      Idx    E Section Name        Object

    0x20000000   0x0800c0e8   0x00000014   Data   RW           24    .data               main.o
    0x20000014   0x0800c0fc   0x0000000c   Data   RW          881    .data               stm32f1xx_hal.o
    0x20000020   0x0800c108   0x00000004   Data   RW         3173    .data               system_stm32f1xx.o
    0x20000024   0x0800c10c   0x00000004   Data   RW         3244    .data               lcd.o
    0x20000028   0x0800c110   0x00000001   Data   RW         3465    .data               key.o
    0x20000029   0x0800c111   0x00000003   PAD
    0x2000002c        -       0x000005b0   Zero   RW           23    .bss                main.o
    0x200005dc        -       0x00000058   Zero   RW          255    .bss                dac.o
    0x20000634        -       0x00000090   Zero   RW          325    .bss                tim.o
    0x200006c4        -       0x00000048   Zero   RW          388    .bss                usart.o
    0x2000070c        -       0x0000000e   Zero   RW         3241    .bss                lcd.o
    0x2000071a   0x0800c111   0x00000002   PAD
    0x2000071c        -       0x00000060   Zero   RW         3644    .bss                c_w.l(libspace.o)
    0x2000077c   0x0800c111   0x00000004   PAD
    0x20000780        -       0x00000200   Zero   RW            2    HEAP                startup_stm32f103xe.o
    0x20000980        -       0x00000400   Zero   RW            1    STACK               startup_stm32f103xe.o


==============================================================================

Image component sizes


      Code (inc. data)   RO Data    RW Data    ZI Data      Debug   Object Name

       208         32          0          0         88       1600   dac.o
        44          4          0          0          0        690   dma.o
       108         10          0          0          0        815   gpio.o
       292         24          0          1          0       1462   key.o
     17518        226      14352          4         14      32581   lcd.o
      2182        206          0         20       1456     496116   main.o
        64         26        304          0       1536        776   startup_stm32f103xe.o
       128         24          0         12          0       5669   stm32f1xx_hal.o
       198         14          0          0          0      28747   stm32f1xx_hal_cortex.o
       440         24          0          0          0       6629   stm32f1xx_hal_dac.o
        56          0          0          0          0       3521   stm32f1xx_hal_dac_ex.o
      1236         52          0          0          0       4886   stm32f1xx_hal_dma.o
       524         42          0          0          0       3399   stm32f1xx_hal_gpio.o
        60          8          0          0          0        802   stm32f1xx_hal_msp.o
      1240         84         18          0          0       4920   stm32f1xx_hal_rcc.o
      1218         98          0          0          0       9103   stm32f1xx_hal_tim.o
       124         20          0          0          0       1292   stm32f1xx_hal_tim_ex.o
      1554         10          0          0          0      10416   stm32f1xx_hal_uart.o
        44         12          0          0          0       4399   stm32f1xx_it.o
         2          0         24          4          0       1019   system_stm32f1xx.o
       324         40          0          0        144       3055   tim.o
       184         20          0          0         72       1622   usart.o

    ----------------------------------------------------------------------
     27770        976      14734         44       3312     623519   Object Totals
         0          0         32          0          0          0   (incl. Generated)
        22          0          4          3          2          0   (incl. Padding)

    ----------------------------------------------------------------------

      Code (inc. data)   RO Data    RW Data    ZI Data      Debug   Library Member Name

         8          0          0          0          0         68   __main.o
         0          0          0          0          0          0   __rtentry.o
        12          0          0          0          0          0   __rtentry2.o
         6          0          0          0          0          0   __rtentry4.o
        52          8          0          0          0          0   __scatter.o
        26          0          0          0          0          0   __scatter_copy.o
        28          0          0          0          0          0   __scatter_zi.o
        22          0          0          0          0        100   _rserrno.o
        12          0          0          0          0         72   exit.o
         6          0          0          0          0        152   heapauxi.o
         0          0          0          0          0          0   indicate_semi.o
         2          0          0          0          0          0   libinit.o
         2          0          0          0          0          0   libinit2.o
         2          0          0          0          0          0   libshutdown.o
         2          0          0          0          0          0   libshutdown2.o
         8          4          0          0         96         68   libspace.o
         8          4          0          0          0         68   rt_errno_addr_intlibspace.o
        68          0          0          0          0         68   rt_memclr.o
        78          0          0          0          0         80   rt_memclr_w.o
         2          0          0          0          0          0   rtexit.o
        10          0          0          0          0          0   rtexit2.o
       150          0          0          0          0         80   strncmp.o
        12          4          0          0          0         68   sys_exit.o
        74          0          0          0          0         80   sys_stackheap_outer.o
         2          0          0          0          0         68   use_no_semi.o
        98          4          0          0          0         92   d2f.o
       826         16          0          0          0        348   daddsub_clz.o
        16          4          0          0          0         68   dcheck1.o
       688        140          0          0          0        208   ddiv.o
        94          4          0          0          0         92   dfix.o
        90          4          0          0          0         92   dfixu.o
        84          0          0          0          0        136   dflt_clz.o
       340         12          0          0          0        104   dmul.o
       156          4          0          0          0         92   dnaninf.o
        12          0          0          0          0         68   dretinf.o
        86          4          0          0          0         84   f2d.o
       450          8          0          0          0        236   faddsub_clz.o
       388         76          0          0          0         96   fdiv.o
        54          4          0          0          0         84   ffix.o
        62          4          0          0          0         84   ffixu.o
        86          0          0          0          0        136   fflt_clz.o
       258          4          0          0          0         84   fmul.o
       140          4          0          0          0         84   fnaninf.o
        10          0          0          0          0         68   fretinf.o
       100          0          0          0          0         68   retnan.o
        92          0          0          0          0         68   scalbn.o
        48          0          0          0          0         68   trapv.o
         0          0          0          0          0          0   usenofp.o
       252         22         48          0          0        124   cos_i.o
        34          6          0          0          0        204   dunder.o
        40          0          0          0          0         68   fpclassify.o
       170          0          0          0          0         96   poly.o
       904         76        200          0          0        140   rred.o
       160         10          0          0          0        108   sin.o
       236         12         40          0          0        128   sin_i.o

    ----------------------------------------------------------------------
      6592        438        288          0        100       4300   Library Totals
        26          0          0          0          4          0   (incl. Padding)

    ----------------------------------------------------------------------

      Code (inc. data)   RO Data    RW Data    ZI Data      Debug   Library Name

       592         20          0          0         96        972   c_w.l
      4178        292          0          0          0       2460   fz_ws.l
      1796        126        288          0          0        868   m_ws.l

    ----------------------------------------------------------------------
      6592        438        288          0        100       4300   Library Totals

    ----------------------------------------------------------------------

==============================================================================


      Code (inc. data)   RO Data    RW Data    ZI Data      Debug   

     34362       1414      15022         44       3412     619443   Grand Totals
     34362       1414      15022         44       3412     619443   ELF Image Totals
     34362       1414      15022         44          0          0   ROM Totals

==============================================================================

    Total RO  Size (Code + RO Data)                49384 (  48.23kB)
    Total RW  Size (RW Data + ZI Data)              3456 (   3.38kB)
    Total ROM Size (Code + RO Data + RW Data)      49428 (  48.27kB)

==============================================================================

